Archive member included to satisfy reference by file (symbol)

/home/merong/Zynq-7000/Xilinx/SDK/2014.4/gnu/arm/lin/bin/../lib/gcc/arm-xilinx-linux-gnueabi/4.8.3/libgcc.a(_udivsi3.o)
                              arch/arm/cpu/armv7/zynq/built-in.o (__aeabi_uidiv)
/home/merong/Zynq-7000/Xilinx/SDK/2014.4/gnu/arm/lin/bin/../lib/gcc/arm-xilinx-linux-gnueabi/4.8.3/libgcc.a(_divsi3.o)
                              common/built-in.o (__aeabi_idiv)
/home/merong/Zynq-7000/Xilinx/SDK/2014.4/gnu/arm/lin/bin/../lib/gcc/arm-xilinx-linux-gnueabi/4.8.3/libgcc.a(_lshrdi3.o)
                              fs/built-in.o (__aeabi_llsr)
/home/merong/Zynq-7000/Xilinx/SDK/2014.4/gnu/arm/lin/bin/../lib/gcc/arm-xilinx-linux-gnueabi/4.8.3/libgcc.a(_ashldi3.o)
                              drivers/mmc/built-in.o (__aeabi_llsl)
/home/merong/Zynq-7000/Xilinx/SDK/2014.4/gnu/arm/lin/bin/../lib/gcc/arm-xilinx-linux-gnueabi/4.8.3/libgcc.a(_dvmd_lnx.o)
                              /home/merong/Zynq-7000/Xilinx/SDK/2014.4/gnu/arm/lin/bin/../lib/gcc/arm-xilinx-linux-gnueabi/4.8.3/libgcc.a(_udivsi3.o) (__aeabi_idiv0)

Discarded input sections

 .data          0x00000000        0x0 arch/arm/cpu/armv7/start.o
 .bss           0x00000000        0x0 arch/arm/cpu/armv7/start.o
 .text          0x00000000        0x0 api/built-in.o
 .data          0x00000000        0x0 api/built-in.o
 .bss           0x00000000        0x0 api/built-in.o
 .text          0x00000000        0x0 arch/arm/cpu/armv7/built-in.o
 .text.sdelay   0x00000000        0xc arch/arm/cpu/armv7/built-in.o
 .text.wait_on_value
                0x00000000       0x34 arch/arm/cpu/armv7/built-in.o
 .data          0x00000000        0x0 arch/arm/cpu/armv7/built-in.o
 .bss           0x00000000        0x0 arch/arm/cpu/armv7/built-in.o
 .text.zynq_get_silicon_version
                0x00000000       0x14 arch/arm/cpu/armv7/zynq/built-in.o
 .text.zynq_clk_get_name
                0x00000000       0x18 arch/arm/cpu/armv7/zynq/built-in.o
 .data          0x00000000        0x0 arch/arm/cpu/armv7/zynq/built-in.o
 .bss           0x00000000        0x0 arch/arm/cpu/armv7/zynq/built-in.o
 .text.setup_board_tags
                0x00000000        0x4 arch/arm/lib/built-in.o
 .text.flush_cache
                0x00000000        0x4 arch/arm/lib/built-in.o
 .text.flush_dcache_all
                0x00000000        0xc arch/arm/lib/built-in.o
 .text.enable_caches
                0x00000000        0xc arch/arm/lib/built-in.o
 .text.arm_init_before_mmu
                0x00000000        0x4 arch/arm/lib/built-in.o
 .text.mmu_page_table_flush
                0x00000000        0x4 arch/arm/lib/built-in.o
 .data          0x00000000        0x0 arch/arm/lib/built-in.o
 .bss           0x00000000        0x0 arch/arm/lib/built-in.o
 .text          0x00000000        0x0 board/xilinx/zynq/built-in.o
 .data          0x00000000        0x0 board/xilinx/zynq/built-in.o
 .bss           0x00000000        0x0 board/xilinx/zynq/built-in.o
 .text          0x00000000        0x0 common/built-in.o
 .text.cmd_process_error
                0x00000000       0x30 common/built-in.o
 .text.hash_block
                0x00000000       0x70 common/built-in.o
 .text.unset_local_var
                0x00000000       0x9c common/built-in.o
 .text.cli_simple_parse_line
                0x00000000       0x88 common/built-in.o
 .text.cli_simple_run_command
                0x00000000      0x354 common/built-in.o
 .text.cli_simple_loop
                0x00000000       0x78 common/built-in.o
 .text.cli_simple_run_command_list
                0x00000000       0x70 common/built-in.o
 .text.run_command_repeatable
                0x00000000       0x18 common/built-in.o
 .text.arch_cpu_init
                0x00000000        0x8 common/built-in.o
 .text.__red_led_off
                0x00000000        0x4 common/built-in.o
 .text.__green_led_on
                0x00000000        0x4 common/built-in.o
 .text.__green_led_off
                0x00000000        0x4 common/built-in.o
 .text.__yellow_led_on
                0x00000000        0x4 common/built-in.o
 .text.__yellow_led_off
                0x00000000        0x4 common/built-in.o
 .text.__blue_led_on
                0x00000000        0x4 common/built-in.o
 .text.__blue_led_off
                0x00000000        0x4 common/built-in.o
 .text.__board_flash_wp_on
                0x00000000        0x8 common/built-in.o
 .text.fixup_cpu
                0x00000000        0x8 common/built-in.o
 .text.bootz_setup
                0x00000000       0x18 common/built-in.o
 .text.env_flags_parse_varaccess_from_binflags
                0x00000000       0x28 common/built-in.o
 .text.invalidate_icache_all
                0x00000000        0xc common/built-in.o
 .text.flush_dcache_all
                0x00000000        0xc common/built-in.o
 .text.soc_clk_dump
                0x00000000       0x18 common/built-in.o
 .text.eeprom_probe
                0x00000000        0xc common/built-in.o
 .text.eeprom_init
[...]
Memory Configuration

Name             Origin             Length             Attributes
*default*        0x00000000         0xffffffff

Linker script and memory map

Address of section .text set to 0x4000000
                0x00000000                . = 0x0
                0x00000000                . = ALIGN (0x4)

.text           0x04000000    0x422ac
 *(.__image_copy_start)
 .__image_copy_start
                0x04000000        0x0 arch/arm/lib/built-in.o
                0x04000000                __image_copy_start
 *(.vectors)
 .vectors       0x04000000      0x300 arch/arm/lib/built-in.o
                0x04000000                _start
                0x04000024                _undefined_instruction
                0x04000028                _software_interrupt
                0x0400002c                _prefetch_abort
                0x04000030                _data_abort
                0x04000034                _not_used
                0x04000038                _irq
                0x0400003c                _fiq
                0x04000040                IRQ_STACK_START_IN
 arch/arm/cpu/armv7/start.o(.text*)
 .text          0x04000300       0xe4 arch/arm/cpu/armv7/start.o
                0x04000300                reset
                0x04000388                c_runtime_cpu_setup
                0x040003a0                save_boot_params
                0x040003a4                cpu_init_cp15
                0x040003dc                cpu_init_crit
 *(.text*)
 .text.syscall  0x040003e4       0x70 api/built-in.o
                0x040003e4                syscall
 .text.API_display_clear
                0x04000454       0x10 api/built-in.o
 .text.API_display_draw_bitmap
                0x04000464        0x8 api/built-in.o
 .text.API_display_get_info
                0x0400046c        0x8 api/built-in.o
 .text.API_env_enum
                0x04000474       0xb0 api/built-in.o
 .text.API_env_set
                0x04000524       0x34 api/built-in.o
 .text.API_env_get
                0x04000558       0x38 api/built-in.o
 .text.API_dev_write
                0x04000590       0x68 api/built-in.o
 .text.API_dev_read
                0x040005f8       0xc0 api/built-in.o
 .text.API_dev_close
                0x040006b8       0x64 api/built-in.o
 .text.API_dev_open
                0x0400071c       0x70 api/built-in.o
 .text.API_dev_enum
                0x0400078c       0x5c api/built-in.o
 .text.API_get_timer
                0x040007e8       0x38 api/built-in.o
 .text.API_udelay
                0x04000820       0x28 api/built-in.o
 .text.API_get_sys_info
                0x04000848       0x2c api/built-in.o
 .text.API_reset
                0x04000874       0x20 api/built-in.o
 .text.API_puts
                0x04000894       0x24 api/built-in.o
 .text.API_tstc
                0x040008b8       0x28 api/built-in.o
 .text.API_putc
                0x040008e0       0x28 api/built-in.o
 .text.API_getc
                0x04000908       0x28 api/built-in.o
 .text.api_init
                0x04000930      0x16c api/built-in.o
                0x04000930                api_init
 .text.platform_set_mr
                0x04000a9c       0x78 api/built-in.o
                0x04000a9c                platform_set_mr
 .text.display_get_info
                0x04000b14       0x10 api/built-in.o
                0x04000b14                display_get_info
 .text.display_draw_bitmap
                0x04000b24       0x10 api/built-in.o
                0x04000b24                display_draw_bitmap
 .text.display_clear
                0x04000b34        0x4 api/built-in.o
                0x04000b34                display_clear
 .text.dev_open_net
                0x04000b38       0x38 api/built-in.o
                0x04000b38                dev_open_net
 .text.dev_close_net
                0x04000b70       0x2c api/built-in.o
                0x04000b70                dev_close_net
 .text.dev_enum_net
                0x04000b9c       0x44 api/built-in.o
                0x04000b9c                dev_enum_net
 .text.dev_write_net
                0x04000be0        0xc api/built-in.o
                0x04000be0                dev_write_net
 .text.dev_read_net
                0x04000bec        0xc api/built-in.o
                0x04000bec                dev_read_net
 .text.dev_stor_type
                0x04000bf8       0x58 api/built-in.o
 .text.dev_stor_get
                0x04000c50      0x11c api/built-in.o
 .text.dev_stor_is_valid
                0x04000d6c       0x60 api/built-in.o
 .text.dev_stor_init
                0x04000dcc       0x58 api/built-in.o
                0x04000dcc                dev_stor_init
 .text.dev_enum_reset
                0x04000e24       0x28 api/built-in.o
                0x04000e24                dev_enum_reset
 .text.dev_enum_storage
                0x04000e4c      0x110 api/built-in.o
                0x04000e4c                dev_enum_storage
 .text.dev_open_stor
                0x04000f5c       0x34 api/built-in.o
                0x04000f5c                dev_open_stor
 .text.dev_close_stor
                0x04000f90        0x8 api/built-in.o
                0x04000f90                dev_close_stor
 .text.dev_read_stor
                0x04000f98       0x9c api/built-in.o
                0x04000f98                dev_read_stor
 .text.platform_sys_info
                0x04001034       0x24 api/built-in.o
                0x04001034                platform_sys_info
 .text.v7_maint_dcache_all
                0x04001058       0xd4 arch/arm/cpu/armv7/built-in.o
 .text.v7_dcache_inval_range
                0x0400112c       0x80 arch/arm/cpu/armv7/built-in.o
 .text.invalidate_icache_all
                0x040011ac       0x18 arch/arm/cpu/armv7/built-in.o
                0x040011ac                invalidate_icache_all
 .text.v7_outer_cache_enable
                0x040011c4        0x4 arch/arm/cpu/armv7/built-in.o
                0x040011c4                v7_outer_cache_enable
 .text.v7_outer_cache_disable
                0x040011c8        0x4 arch/arm/cpu/armv7/built-in.o
                0x040011c8                v7_outer_cache_disable
 .text.v7_outer_cache_flush_all
                0x040011cc        0x4 arch/arm/cpu/armv7/built-in.o
                0x040011cc                v7_outer_cache_flush_all
 .text.flush_dcache_all
                0x040011d0       0x14 arch/arm/cpu/armv7/built-in.o
                0x040011d0                flush_dcache_all
 .text.v7_outer_cache_inval_all
                0x040011e4        0x4 arch/arm/cpu/armv7/built-in.o
                0x040011e4                v7_outer_cache_inval_all
 .text.invalidate_dcache_all
                0x040011e8       0x14 arch/arm/cpu/armv7/built-in.o
                0x040011e8                invalidate_dcache_all
 .text.arm_init_before_mmu
                0x040011fc       0x28 arch/arm/cpu/armv7/built-in.o
                0x040011fc                arm_init_before_mmu
 .text.v7_outer_cache_flush_range
                0x04001224        0x4 arch/arm/cpu/armv7/built-in.o
                0x04001224                v7_outer_cache_flush_range
 .text.flush_dcache_range
                0x04001228       0x3c arch/arm/cpu/armv7/built-in.o
                0x04001228                flush_dcache_range
 .text.mmu_page_table_flush
                0x04001264       0x24 arch/arm/cpu/armv7/built-in.o
                0x04001264                mmu_page_table_flush
 .text.flush_cache
                0x04001288        0x8 arch/arm/cpu/armv7/built-in.o
                0x04001288                flush_cache
 .text.v7_outer_cache_inval_range
                0x04001290        0x4 arch/arm/cpu/armv7/built-in.o
                0x04001290                v7_outer_cache_inval_range
 .text.invalidate_dcache_range
                0x04001294       0x3c arch/arm/cpu/armv7/built-in.o
                0x04001294                invalidate_dcache_range
 .text.cpu_cache_initialization
                0x040012d0        0x4 arch/arm/cpu/armv7/built-in.o
                0x040012d0                cpu_cache_initialization
 .text.cleanup_before_linux
                0x040012d4       0x28 arch/arm/cpu/armv7/built-in.o
                0x040012d4                cleanup_before_linux
 .text          0x040012fc       0x24 arch/arm/cpu/armv7/zynq/built-in.o
                0x040012fc                lowlevel_init
 .text.timer_init
                0x04001320       0x60 arch/arm/cpu/armv7/zynq/built-in.o
                0x04001320                timer_init
 .text.get_timer_masked
                0x04001380       0x50 arch/arm/cpu/armv7/zynq/built-in.o
                0x04001380                get_timer_masked
 .text.__udelay
                0x040013d0       0x90 arch/arm/cpu/armv7/zynq/built-in.o
                0x040013d0                __udelay
 .text.get_timer
                0x04001460       0x14 arch/arm/cpu/armv7/zynq/built-in.o
                0x04001460                get_timer
 .text.get_ticks
                0x04001474       0x10 arch/arm/cpu/armv7/zynq/built-in.o
                0x04001474                get_ticks
 .text.get_tbclk
                0x04001484        0x8 arch/arm/cpu/armv7/zynq/built-in.o
                0x04001484                get_tbclk
 .text.arch_cpu_init
                0x0400148c       0x34 arch/arm/cpu/armv7/zynq/built-in.o
                0x0400148c                arch_cpu_init
 .text.reset_cpu
                0x040014c0        0xc arch/arm/cpu/armv7/zynq/built-in.o
                0x040014c0                reset_cpu
 .text.enable_caches
                0x040014cc        0x4 arch/arm/cpu/armv7/zynq/built-in.o
                0x040014cc                enable_caches
 .text.zynq_ddrc_init
                0x040014d0       0x64 arch/arm/cpu/armv7/zynq/built-in.o
                0x040014d0                zynq_ddrc_init
 .text.zynq_slcr_lock
                0x04001534       0x2c arch/arm/cpu/armv7/zynq/built-in.o
                0x04001534                zynq_slcr_lock
 .text.zynq_slcr_unlock
                0x04001560       0x2c arch/arm/cpu/armv7/zynq/built-in.o
                0x04001560                zynq_slcr_unlock
 .text.zynq_slcr_cpu_reset
                0x0400158c       0x24 arch/arm/cpu/armv7/zynq/built-in.o
                0x0400158c                zynq_slcr_cpu_reset
 .text.zynq_slcr_gem_clk_setup
                0x040015b0       0x68 arch/arm/cpu/armv7/zynq/built-in.o
                0x040015b0                zynq_slcr_gem_clk_setup
 .text.zynq_slcr_devcfg_disable
                0x04001618       0x24 arch/arm/cpu/armv7/zynq/built-in.o
                0x04001618                zynq_slcr_devcfg_disable
 .text.zynq_slcr_devcfg_enable
                0x0400163c       0x24 arch/arm/cpu/armv7/zynq/built-in.o
                0x0400163c                zynq_slcr_devcfg_enable
 .text.zynq_slcr_get_boot_mode
                0x04001660        0xc arch/arm/cpu/armv7/zynq/built-in.o
                0x04001660                zynq_slcr_get_boot_mode
 .text.zynq_slcr_get_idcode
                0x0400166c       0x10 arch/arm/cpu/armv7/zynq/built-in.o
                0x0400166c                zynq_slcr_get_idcode
 .text.zynq_slcr_get_mio_pin_status
                0x0400167c       0x90 arch/arm/cpu/armv7/zynq/built-in.o
                0x0400167c                zynq_slcr_get_mio_pin_status
 .text.ddr2x_get_rate
                0x0400170c       0x3c arch/arm/cpu/armv7/zynq/built-in.o
 .text.ddr3x_get_rate
                0x04001748       0x3c arch/arm/cpu/armv7/zynq/built-in.o
 .text.zynq_clk_periph_get_rate
                0x04001784       0x68 arch/arm/cpu/armv7/zynq/built-in.o
 .text.__zynq_clk_pll_get_rate
                0x040017ec       0x20 arch/arm/cpu/armv7/zynq/built-in.o
 .text.zynq_clk_pll_get_rate
                0x0400180c        0x8 arch/arm/cpu/armv7/zynq/built-in.o
 .text.zynq_clk_periph_set_rate
                0x04001814      0x11c arch/arm/cpu/armv7/zynq/built-in.o
 .text.zynq_clk_register_periph_clk
                0x04001930       0x5c arch/arm/cpu/armv7/zynq/built-in.o
 .text.zynq_clk_early_init
                0x0400198c       0x58 arch/arm/cpu/armv7/zynq/built-in.o
                0x0400198c                zynq_clk_early_init
 .text.get_uart_clk
                0x040019e4       0x50 arch/arm/cpu/armv7/zynq/built-in.o
                0x040019e4                get_uart_clk
 .text.set_cpu_clk_info
                0x04001a34      0x618 arch/arm/cpu/armv7/zynq/built-in.o
                0x04001a34                set_cpu_clk_info
 .text.zynq_clk_get_rate
                0x0400204c       0x20 arch/arm/cpu/armv7/zynq/built-in.o
                0x0400204c                zynq_clk_get_rate
 .text.zynq_clk_set_rate
                0x0400206c       0x40 arch/arm/cpu/armv7/zynq/built-in.o
                0x0400206c                zynq_clk_set_rate
 .text.soc_clk_dump
                0x040020ac       0x50 arch/arm/cpu/armv7/zynq/built-in.o
                0x040020ac                soc_clk_dump
 .text          0x040020fc       0xe8 arch/arm/lib/built-in.o
                0x040020fc                _main
                0x04002180                relocate_code
 .text.arch_fixup_memory_node
                0x040021e4        0x8 arch/arm/lib/built-in.o
                0x040021e4                arch_fixup_memory_node
 .text.boot_jump_linux
                0x040021ec       0xb8 arch/arm/lib/built-in.o
 .text.boot_prep_linux
                0x040022a4       0x40 arch/arm/lib/built-in.o
 .text.arch_lmb_reserve
                0x040022e4       0x24 arch/arm/lib/built-in.o
                0x040022e4                arch_lmb_reserve
 .text.do_bootm_linux
                0x04002308       0x60 arch/arm/lib/built-in.o
                0x04002308                do_bootm_linux
 .text.bootz_setup
                0x04002368       0x60 arch/arm/lib/built-in.o
                0x04002368                bootz_setup
 .text.boot_prep_vxworks
                0x040023c8       0x4c arch/arm/lib/built-in.o
                0x040023c8                boot_prep_vxworks
 .text.boot_jump_vxworks
                0x04002414       0x14 arch/arm/lib/built-in.o
                0x04002414                boot_jump_vxworks
 .text.interrupt_init
                0x04002428       0x1c arch/arm/lib/built-in.o
                0x04002428                interrupt_init
 .text.enable_interrupts
                0x04002444        0x4 arch/arm/lib/built-in.o
                0x04002444                enable_interrupts
 .text.disable_interrupts
                0x04002448        0x8 arch/arm/lib/built-in.o
                0x04002448                disable_interrupts
 .text.bad_mode
                0x04002450       0x10 arch/arm/lib/built-in.o
                0x04002450                bad_mode
 .text.show_regs
                0x04002460      0x13c arch/arm/lib/built-in.o
                0x04002460                show_regs
 .text.do_undefined_instruction
                0x0400259c       0x20 arch/arm/lib/built-in.o
                0x0400259c                do_undefined_instruction
 .text.do_software_interrupt
                0x040025bc       0x20 arch/arm/lib/built-in.o
                0x040025bc                do_software_interrupt
 .text.do_prefetch_abort
                0x040025dc       0x20 arch/arm/lib/built-in.o
                0x040025dc                do_prefetch_abort
 .text.do_data_abort
                0x040025fc       0x20 arch/arm/lib/built-in.o
                0x040025fc                do_data_abort
 .text.do_not_used
                0x0400261c       0x20 arch/arm/lib/built-in.o
                0x0400261c                do_not_used
 .text.do_fiq   0x0400263c       0x20 arch/arm/lib/built-in.o
                0x0400263c                do_fiq
 .text.do_irq   0x0400265c       0x20 arch/arm/lib/built-in.o
                0x0400265c                do_irq
 .text.do_reset
                0x0400267c       0x2c arch/arm/lib/built-in.o
                0x0400267c                do_reset
 .text.cp_delay
                0x040026a8       0x30 arch/arm/lib/built-in.o
 .text.arm_init_domains
                0x040026d8        0x4 arch/arm/lib/built-in.o
                0x040026d8                arm_init_domains
 .text.set_section_dcache
                0x040026dc       0x14 arch/arm/lib/built-in.o
                0x040026dc                set_section_dcache
 .text.mmu_set_region_dcache_behaviour
                0x040026f0       0x50 arch/arm/lib/built-in.o
                0x040026f0                mmu_set_region_dcache_behaviour
 .text.dram_bank_mmu_setup
                0x04002740       0x40 arch/arm/lib/built-in.o
                0x04002740                dram_bank_mmu_setup
 .text.icache_enable
                0x04002780       0x18 arch/arm/lib/built-in.o
                0x04002780                icache_enable
 .text.icache_disable
                0x04002798       0x1c arch/arm/lib/built-in.o
                0x04002798                icache_disable
 .text.icache_status
                0x040027b4        0xc arch/arm/lib/built-in.o
                0x040027b4                icache_status
 .text.dcache_enable
                0x040027c0       0x70 arch/arm/lib/built-in.o
                0x040027c0                dcache_enable
 .text.dcache_disable
                0x04002830       0x28 arch/arm/lib/built-in.o
                0x04002830                dcache_disable
 .text.dcache_status
                0x04002858        0xc arch/arm/lib/built-in.o
                0x04002858                dcache_status
 .text.board_init
                0x04002864       0xd4 board/xilinx/zynq/built-in.o
                0x04002864                board_init
 .text.board_late_init
                0x04002938       0x9c board/xilinx/zynq/built-in.o
                0x04002938                board_late_init
 .text.checkboard
                0x040029d4       0x18 board/xilinx/zynq/built-in.o
                0x040029d4                checkboard
 .text.board_eth_init
                0x040029ec       0x14 board/xilinx/zynq/built-in.o
                0x040029ec                board_eth_init
 .text.board_mmc_init
                0x04002a00        0xc board/xilinx/zynq/built-in.o
                0x04002a00                board_mmc_init
 .text.dram_init
                0x04002a0c       0x18 board/xilinx/zynq/built-in.o
                0x04002a0c                dram_init
 .text.g_dnl_bind_fixup
                0x04002a24       0x64 board/xilinx/zynq/built-in.o
                0x04002a24                g_dnl_bind_fixup
 .text.__show_boot_progress
                0x04002a88        0x4 common/built-in.o
                0x04002a88                __show_boot_progress
                0x04002a88                show_boot_progress
 .text.main_loop
                0x04002a8c       0x20 common/built-in.o
                0x04002a8c                main_loop
 .text.find_cmd_tbl
                0x04002aac       0xa4 common/built-in.o
                0x04002aac                find_cmd_tbl
 .text.find_cmd
                0x04002b50       0x28 common/built-in.o
                0x04002b50                find_cmd
 .text.cmd_usage
                0x04002b78       0x5c common/built-in.o
                0x04002b78                cmd_usage
 .text._do_help
                0x04002bd4      0x184 common/built-in.o
                0x04002bd4                _do_help
 .text.var_complete
                0x04002d58       0x80 common/built-in.o
                0x04002d58                var_complete
 .text.cmd_auto_complete
                0x04002dd8      0x4b8 common/built-in.o
                0x04002dd8                cmd_auto_complete
 .text.cmd_get_data_size
                0x04003290       0x5c common/built-in.o
                0x04003290                cmd_get_data_size
 .text.cmd_process
                0x040032ec       0xe8 common/built-in.o
                0x040032ec                cmd_process
 .text.dummy    0x040033d4        0x4 common/built-in.o
 .text.get_version
                0x040033d8        0x8 common/built-in.o
                0x040033d8                get_version
 .text.jumptable_init
                0x040033e0      0x1d0 common/built-in.o
                0x040033e0                jumptable_init
 .text.hash_finish_crc32
                0x040035b0       0x30 common/built-in.o
 .text.hash_update_crc32
                0x040035e0       0x24 common/built-in.o
 .text.hash_init_crc32
                0x04003604       0x24 common/built-in.o
 .text.hash_finish_sha256
                0x04003628       0x38 common/built-in.o
 .text.hash_update_sha256
                0x04003660       0x1c common/built-in.o
 .text.hash_init_sha256
                0x0400367c       0x24 common/built-in.o
 .text.hash_lookup_algo
                0x040036a0       0x58 common/built-in.o
                0x040036a0                hash_lookup_algo
 .text.hash_show
                0x040036f8       0x58 common/built-in.o
                0x040036f8                hash_show
 .text.hash_command
                0x04003750      0x170 common/built-in.o
                0x04003750                hash_command
 .text.b_reset  0x040038c0       0x1c common/built-in.o
 .text.static_get
                0x040038dc       0x1c common/built-in.o
 .text.static_peek
                0x040038f8        0xc common/built-in.o
 .text.file_peek
                0x04003904        0xc common/built-in.o
 .text.mapset   0x04003910       0x20 common/built-in.o
 .text.syntax_err
                0x04003930        0xc common/built-in.o
 .text.free_pipe_list
                0x0400393c       0xf0 common/built-in.o
 .text.xmalloc  0x04003a2c       0x20 common/built-in.o
 .text.new_pipe
                0x04003a4c       0x28 common/built-in.o
 .text.xrealloc
                0x04003a74       0x20 common/built-in.o
 .text.done_command
                0x04003a94       0x8c common/built-in.o
 .text.done_pipe
                0x04003b20       0x4c common/built-in.o
 .text.done_word
                0x04003b6c      0x2d8 common/built-in.o
 .text.do_showvar
                0x04003e44       0xf0 common/built-in.o
 .text.is_assignment
                0x04003f34       0x54 common/built-in.o
 .text.file_get
                0x04003f88      0x1d0 common/built-in.o
 .text.b_addchr
                0x04004158       0x78 common/built-in.o
 .text.b_addqchr
                0x040041d0       0x50 common/built-in.o
 .text.get_local_var
                0x04004220       0x94 common/built-in.o
                0x04004220                get_local_var
 .text.set_local_var
                0x040042b4      0x1a8 common/built-in.o
                0x040042b4                set_local_var
 .text.insert_var_value_sub
                0x0400445c      0x2a8 common/built-in.o
 .text.parse_string_outer
                0x04004704       0xe4 common/built-in.o
                0x04004704                parse_string_outer
 .text.run_list_real
                0x040047e8      0x7ec common/built-in.o
 .text.parse_stream_outer
                0x04004fd4      0x6c4 common/built-in.o
 .text.parse_file_outer
                0x04005698       0x44 common/built-in.o
                0x04005698                parse_file_outer
 .text.u_boot_hush_start
                0x040056dc       0x54 common/built-in.o
                0x040056dc                u_boot_hush_start
 .text.run_command
                0x04005730        0x8 common/built-in.o
                0x04005730                run_command
 .text.run_command_list
                0x04005738       0x5c common/built-in.o
                0x04005738                run_command_list
 .text.do_run   0x04005794       0x74 common/built-in.o
                0x04005794                do_run
 .text.cli_loop
                0x04005808        0xc common/built-in.o
                0x04005808                cli_loop
 .text.cli_init
                0x04005814        0x4 common/built-in.o
                0x04005814                cli_init
 .text.delete_char.part.0
                0x04005818       0xd0 common/built-in.o
 .text.cread_add_char
                0x040058e8       0xe8 common/built-in.o
 .text.cli_readline_into_buffer
                0x040059d0      0x9c0 common/built-in.o
                0x040059d0                cli_readline_into_buffer
 .text.cli_readline
                0x04006390       0x14 common/built-in.o
                0x04006390                cli_readline
 .text.hex1_bin
                0x040063a4       0x40 common/built-in.o
 .text.hex2_bin
                0x040063e4       0x38 common/built-in.o
 .text.srec_decode
                0x0400641c      0x254 common/built-in.o
                0x0400641c                srec_decode
 .text.CYGACC_COMM_IF_GETC_TIMEOUT.isra.0
                0x04006670       0x4c common/built-in.o
 .text.xyzModem_flush
                0x040066bc       0x1c common/built-in.o
 .text.xyzModem_get_hdr
                0x040066d8      0x230 common/built-in.o
 .text.xyzModem_stream_open
                0x04006908      0x248 common/built-in.o
                0x04006908                xyzModem_stream_open
 .text.xyzModem_stream_read
                0x04006b50      0x24c common/built-in.o
                0x04006b50                xyzModem_stream_read
 .text.xyzModem_stream_close
                0x04006d9c       0x54 common/built-in.o
                0x04006d9c                xyzModem_stream_close
 .text.xyzModem_stream_terminate
                0x04006df0       0x94 common/built-in.o
                0x04006df0                xyzModem_stream_terminate
 .text.xyzModem_error
                0x04006e84       0x20 common/built-in.o
                0x04006e84                xyzModem_error
 .text.common_diskboot
                0x04006ea4      0x2b8 common/built-in.o
                0x04006ea4                common_diskboot
 .text.bootdelay_process
                0x0400715c       0x50 common/built-in.o
                0x0400715c                bootdelay_process
 .text.autoboot_command
                0x040071ac       0x40 common/built-in.o
                0x040071ac                autoboot_command
 .text.print_cpuinfo
                0x040071ec        0x8 common/built-in.o
 .text.trace_early_init
                0x040071f4        0x8 common/built-in.o
 .text.display_text_info
                0x040071fc        0x8 common/built-in.o
 .text.setup_mon_len
                0x04007204       0x20 common/built-in.o
 .text.reserve_round_4k
                0x04007224       0x18 common/built-in.o
 .text.reserve_mmu
                0x0400723c       0x38 common/built-in.o
 .text.reserve_trace
                0x04007274        0x8 common/built-in.o
 .text.reserve_uboot
                0x0400727c       0x30 common/built-in.o
 .text.reserve_malloc
                0x040072ac       0x14 common/built-in.o
 .text.setup_machine
                0x040072c0        0x8 common/built-in.o
 .text.reserve_global_data
                0x040072c8       0x1c common/built-in.o
 .text.reserve_fdt
                0x040072e4       0x4c common/built-in.o
 .text.reserve_stacks
                0x04007330       0x34 common/built-in.o
 .text.display_new_sp
                0x04007364        0x8 common/built-in.o
 .text.setup_reloc
                0x0400736c       0x28 common/built-in.o
 .text.reloc_fdt
                0x04007394       0x30 common/built-in.o
 .text.reserve_board
                0x040073c4       0x30 common/built-in.o
 .text.announce_dram_init
                0x040073f4       0x18 common/built-in.o
 .text.init_func_i2c
                0x0400740c       0x28 common/built-in.o
 .text.init_baud_rate
                0x04007434       0x2c common/built-in.o
 .text.setup_fdt
                0x04007460       0x28 common/built-in.o
 .text.mark_bootstage
                0x04007488       0x14 common/built-in.o
 .text.__coloured_LED_init
                0x0400749c        0x4 common/built-in.o
                0x0400749c                coloured_LED_init
                0x0400749c                __coloured_LED_init
 .text.__red_led_on
                0x040074a0        0x4 common/built-in.o
                0x040074a0                __red_led_on
                0x040074a0                red_led_on
 .text.__board_add_ram_info
                0x040074a4        0x4 common/built-in.o
                0x040074a4                __board_add_ram_info
                0x040074a4                board_add_ram_info
 .text.show_dram_config
                0x040074a8       0x34 common/built-in.o
 .text.__dram_init_banksize
                0x040074dc       0x20 common/built-in.o
                0x040074dc                __dram_init_banksize
                0x040074dc                dram_init_banksize
 .text.setup_dram_config
                0x040074fc       0x10 common/built-in.o
 .text.board_get_usable_ram_top
                0x0400750c        0x8 common/built-in.o
                0x0400750c                board_get_usable_ram_top
 .text.setup_dest_addr
                0x04007514       0x40 common/built-in.o
 .text.board_init_f
                0x04007554       0x4c common/built-in.o
                0x04007554                board_init_f
 .text.bootstage_relocate
                0x040075a0        0x8 common/built-in.o
 .text.initr_trace
                0x040075a8        0x8 common/built-in.o
 .text.initr_reloc_global_data
                0x040075b0       0x28 common/built-in.o
 .text.initr_barrier
                0x040075d8        0x8 common/built-in.o
 .text.power_init_board
                0x040075e0        0x8 common/built-in.o
                0x040075e0                power_init_board
 .text.initr_announce
                0x040075e8        0x8 common/built-in.o
 .text.initr_mmc
                0x040075f0       0x20 common/built-in.o
                0x040075f0                initr_mmc
 .text.run_main_loop
                0x04007610        0xc common/built-in.o
 .text.initr_net
                0x0400761c       0x20 common/built-in.o
 .text.initr_ethaddr
                0x0400763c       0x20 common/built-in.o
 .text.initr_enable_interrupts
                0x0400765c       0x10 common/built-in.o
 .text.initr_api
                0x0400766c       0x10 common/built-in.o
 .text.initr_jumptable
                0x0400767c       0x10 common/built-in.o
 .text.initr_env
                0x0400768c       0x30 common/built-in.o
 .text.initr_malloc
                0x040076bc       0x1c common/built-in.o
 .text.initr_serial
                0x040076d8       0x10 common/built-in.o
 .text.initr_caches
                0x040076e8       0x10 common/built-in.o
 .text.initr_reloc
                0x040076f8       0x20 common/built-in.o
 .text.__cpu_secondary_init_r
                0x04007718        0x4 common/built-in.o
                0x04007718                cpu_secondary_init_r
                0x04007718                __cpu_secondary_init_r
 .text.initr_secondary_cpu
                0x0400771c       0x10 common/built-in.o
 .text.board_init_r
                0x0400772c       0x7c common/built-in.o
                0x0400772c                board_init_r
 .text.do_go_exec
                0x040077a8       0x48 common/built-in.o
                0x040077a8                do_go_exec
 .text.do_go    0x040077f0       0x70 common/built-in.o
 .text.do_bootm
                0x04007860      0x100 common/built-in.o
                0x04007860                do_bootm
 .text.do_bootd
                0x04007960       0x20 common/built-in.o
                0x04007960                do_bootd
 .text.image_info
                0x04007980      0x128 common/built-in.o
 .text.do_iminfo
                0x04007aa8       0x60 common/built-in.o
 .text.bootm_maybe_autostart
                0x04007b08       0x78 common/built-in.o
                0x04007b08                bootm_maybe_autostart
 .text.do_bootz
                0x04007b80       0xf8 common/built-in.o
                0x04007b80                do_bootz
 .text.bootm_find_ramdisk_fdt
                0x04007c78       0xa8 common/built-in.o
                0x04007c78                bootm_find_ramdisk_fdt
 .text.bootm_disable_interrupts
                0x04007d20       0x18 common/built-in.o
                0x04007d20                bootm_disable_interrupts
 .text.do_bootm_states
                0x04007d38      0x944 common/built-in.o
                0x04007d38                do_bootm_states
 .text.do_bootm_rtems
                0x0400867c       0x70 common/built-in.o
 .text.do_bootm_standalone
                0x040086ec       0x64 common/built-in.o
 .text.do_bootm_qnxelf
                0x04008750       0x88 common/built-in.o
 .text.do_bootm_plan9
                0x040087d8       0xfc common/built-in.o
 .text.do_bootvx_fdt
                0x040088d4      0x10c common/built-in.o
                0x040088d4                do_bootvx_fdt
 .text.do_bootm_vxworks
                0x040089e0       0x54 common/built-in.o
 .text.__arch_preboot_os
                0x04008a34        0x4 common/built-in.o
                0x04008a34                arch_preboot_os
 .text.boot_selected_os
                0x04008a38       0x5c common/built-in.o
                0x04008a38                boot_selected_os
 .text.bootm_os_get_boot_func
                0x04008a94       0x10 common/built-in.o
                0x04008a94                bootm_os_get_boot_func
 .text.do_help  0x04008aa4       0x48 common/built-in.o
 .text.do_version
                0x04008aec       0x38 common/built-in.o
 .text.env_attr_walk
                0x04008b24      0x110 common/built-in.o
                0x04008b24                env_attr_walk
 .text.env_attr_lookup
                0x04008c34      0x184 common/built-in.o
                0x04008c34                env_attr_lookup
 .text.clear_callback
                0x04008db8       0x10 common/built-in.o
 .text.find_env_callback
                0x04008dc8       0x64 common/built-in.o
 .text.on_callbacks
                0x04008e2c       0x48 common/built-in.o
 .text.set_callback
                0x04008e74       0x94 common/built-in.o
 .text.env_callback_init
                0x04008f08       0xc4 common/built-in.o
                0x04008f08                env_callback_init
 .text.skip_num
                0x04008fcc       0x74 common/built-in.o
 .text.clear_flags
                0x04009040       0x10 common/built-in.o
 .text.on_flags
                0x04009050       0x48 common/built-in.o
 .text.env_flags_parse_vartype
                0x04009098       0x50 common/built-in.o
                0x04009098                env_flags_parse_vartype
 .text.env_flags_parse_varaccess
                0x040090e8       0x58 common/built-in.o
                0x040090e8                env_flags_parse_varaccess
 .text.set_flags
                0x04009140       0xac common/built-in.o
 .text.env_flags_init
                0x040091ec       0xd8 common/built-in.o
                0x040091ec                env_flags_init
 .text.env_flags_validate
                0x040092c4      0x308 common/built-in.o
                0x040092c4                env_flags_validate
 .text.saveenv  0x040095cc       0xdc common/built-in.o
                0x040095cc                saveenv
 .text.env_relocate_spec
                0x040096a8       0xc8 common/built-in.o
                0x040096a8                env_relocate_spec
 .text.env_init
                0x04009770       0x1c common/built-in.o
                0x04009770                env_init
 .text.source   0x0400978c      0x1c8 common/built-in.o
                0x0400978c                source
 .text.do_source
                0x04009954       0x70 common/built-in.o
                0x04009954                do_source
 .text.print_num
                0x040099c4       0x18 common/built-in.o
 .text.do_bdinfo
                0x040099dc      0x1b8 common/built-in.o
                0x040099dc                do_bdinfo
 .text.parse_argv
                0x04009b94       0x60 common/built-in.o
 .text.do_icache
                0x04009bf4       0x88 common/built-in.o
                0x04009bf4                do_icache
 .text.do_dcache
                0x04009c7c       0x88 common/built-in.o
                0x04009c7c                do_dcache
 .text.do_clk   0x04009d04       0x5c common/built-in.o
 .text.do_clk_dump
                0x04009d60        0x4 common/built-in.o
 .text.do_coninfo
                0x04009d64       0xbc common/built-in.o
 .text.do_echo  0x04009e20       0xb0 common/built-in.o
 .text.eeprom_read
                0x04009ed0       0x78 common/built-in.o
                0x04009ed0                eeprom_read
 .text.eeprom_write
                0x04009f48       0x78 common/built-in.o
                0x04009f48                eeprom_write
 .text.do_eeprom
                0x04009fc0      0x10c common/built-in.o
                0x04009fc0                do_eeprom
 .text.load_elf_image_shdr
                0x0400a0cc       0x8c common/built-in.o
 .text.do_bootelf_exec
                0x0400a158       0x6c common/built-in.o
                0x0400a158                do_bootelf_exec
 .text.valid_elf_image
                0x0400a1c4       0x4c common/built-in.o
                0x0400a1c4                valid_elf_image
 .text.do_bootelf
                0x0400a210      0x15c common/built-in.o
                0x0400a210                do_bootelf
 .text.do_bootvx
                0x0400a36c      0x29c common/built-in.o
                0x0400a36c                do_bootvx
 .text.do_exit  0x0400a608       0x30 common/built-in.o
 .text.do_ext4_load
                0x0400a638       0x18 common/built-in.o
                0x0400a638                do_ext4_load
 .text.do_ext4_ls
                0x0400a650       0x18 common/built-in.o
                0x0400a650                do_ext4_ls
 .text.do_ext4_write
                0x0400a668       0xf4 common/built-in.o
                0x0400a668                do_ext4_write
 .text.do_ext2ls
                0x0400a75c       0x18 common/built-in.o
                0x0400a75c                do_ext2ls
 .text.do_ext2load
                0x0400a774       0x18 common/built-in.o
                0x0400a774                do_ext2load
 .text.do_fat_fsload
                0x0400a78c       0x18 common/built-in.o
                0x0400a78c                do_fat_fsload
 .text.do_fat_ls
                0x0400a7a4       0x18 common/built-in.o
 .text.do_fat_fsinfo
                0x0400a7bc       0x90 common/built-in.o
 .text.do_fat_fswrite
                0x0400a84c       0xfc common/built-in.o
 .text.fdt_valid
                0x0400a948       0xbc common/built-in.o
 .text.is_printable_string
                0x0400aa04       0x88 common/built-in.o
 .text.print_data
                0x0400aa8c      0x170 common/built-in.o
 .text.set_working_fdt_addr
                0x0400abfc       0x1c common/built-in.o
                0x0400abfc                set_working_fdt_addr
 .text.do_fdt   0x0400ac18      0xe80 common/built-in.o
 .text.get_cells_len
                0x0400ba98       0x3c common/built-in.o
 .text.fdt_find_or_add_subnode.constprop.6
                0x0400bad4       0x6c common/built-in.o
 .text.fdt_find_and_setprop
                0x0400bb40       0x70 common/built-in.o
                0x0400bb40                fdt_find_and_setprop
 .text.fdt_initrd
                0x0400bbb0      0x1cc common/built-in.o
                0x0400bbb0                fdt_initrd
 .text.fdt_chosen
                0x0400bd7c       0xa4 common/built-in.o
                0x0400bd7c                fdt_chosen
 .text.do_fixup_by_path
                0x0400be20       0x54 common/built-in.o
                0x0400be20                do_fixup_by_path
 .text.fdt_fixup_memory_banks
                0x0400be74      0x190 common/built-in.o
                0x0400be74                fdt_fixup_memory_banks
 .text.fdt_fixup_memory
                0x0400c004       0x24 common/built-in.o
                0x0400c004                fdt_fixup_memory
 .text.fdt_fixup_ethernet
                0x0400c028      0x158 common/built-in.o
                0x0400c028                fdt_fixup_ethernet
 .text.fdt_resize
                0x0400c180       0xd0 common/built-in.o
                0x0400c180                fdt_resize
 .text.do_fpga  0x0400c250      0x52c common/built-in.o
                0x0400c250                do_fpga
 .text.get_alen
                0x0400c77c       0x3c common/built-in.o
 .text.do_i2c_bus_num
                0x0400c7b8       0xb8 common/built-in.o
                0x0400c7b8                do_i2c_bus_num
 .text.do_i2c   0x0400c870       0x5c common/built-in.o
 .text.do_i2c_reset
                0x0400c8cc       0x30 common/built-in.o
 .text.do_i2c_mw
                0x0400c8fc       0xec common/built-in.o
 .text.do_i2c_read
                0x0400c9e8       0xb0 common/built-in.o
 .text.do_i2c_probe
                0x0400ca98       0x9c common/built-in.o
 .text.do_i2c_md
                0x0400cb34      0x1d4 common/built-in.o
 .text.do_i2c_crc
                0x0400cd08      0x114 common/built-in.o
 .text.do_i2c_show_bus
                0x0400ce1c       0xdc common/built-in.o
                0x0400ce1c                do_i2c_show_bus
 .text.do_i2c_bus_speed
                0x0400cef8       0x74 common/built-in.o
 .text.do_i2c_write
                0x0400cf6c       0xf0 common/built-in.o
 .text.do_i2c_loop
                0x0400d05c       0xd8 common/built-in.o
 .text.mod_i2c_mem.isra.4
                0x0400d134      0x1ec common/built-in.o
 .text.do_i2c_nm
                0x0400d320        0x8 common/built-in.o
 .text.do_i2c_mm
                0x0400d328        0x8 common/built-in.o
 .text.i2c_init_board
                0x0400d330        0x4 common/built-in.o
                0x0400d330                i2c_init_board
 .text.evalexp  0x0400d334       0x74 common/built-in.o
 .text.evalstr  0x0400d3a8       0x6c common/built-in.o
 .text.binary_test
                0x0400d414      0x1b4 common/built-in.o
 .text.do_itest
                0x0400d5c8       0x98 common/built-in.o
 .text.bin_data_init
                0x0400d660       0x2c common/built-in.o
 .text.k_data_save
                0x0400d68c       0x4c common/built-in.o
 .text.k_data_restore
                0x0400d6d8       0x4c common/built-in.o
 .text.getcxmodem
                0x0400d724       0x20 common/built-in.o
 .text.load_serial_ymodem
                0x0400d744       0xcc common/built-in.o
 .text.bin_data_char
                0x0400d810       0x2c common/built-in.o
 .text.chk1.constprop.1
                0x0400d83c       0x2c common/built-in.o
 .text.s1_sendpacket.constprop.2
                0x0400d868       0x50 common/built-in.o
 .text.load_serial
                0x0400d8b8      0x1f8 common/built-in.o
 .text.do_load_serial
                0x0400dab0       0xdc common/built-in.o
 .text.do_load_serial_bin
                0x0400db8c      0x790 common/built-in.o
 .text.do_mem_mw
                0x0400e31c       0xc0 common/built-in.o
 .text.do_mem_loop
                0x0400e3dc      0x104 common/built-in.o
 .text.do_mem_md
                0x0400e4e0       0xe8 common/built-in.o
 .text.do_mem_cmp
                0x0400e5c8      0x168 common/built-in.o
 .text.do_mem_base
                0x0400e730       0x40 common/built-in.o
 .text.do_mem_cp
                0x0400e770       0xd8 common/built-in.o
 .text.do_mem_crc
                0x0400e848       0x4c common/built-in.o
 .text.mod_mem.isra.2
                0x0400e894      0x168 common/built-in.o
 .text.do_mem_mm
                0x0400e9fc        0x8 common/built-in.o
 .text.do_mem_nm
                0x0400ea04        0x8 common/built-in.o
 .text.legacy_miiphy_read
                0x0400ea0c       0x34 common/built-in.o
 .text.legacy_miiphy_write
                0x0400ea40       0x24 common/built-in.o
 .text.miiphy_get_dev_by_name
                0x0400ea64       0x5c common/built-in.o
                0x0400ea64                miiphy_get_dev_by_name
 .text.miiphy_init
                0x0400eac0       0x24 common/built-in.o
                0x0400eac0                miiphy_init
 .text.mdio_alloc
                0x0400eae4       0x30 common/built-in.o
                0x0400eae4                mdio_alloc
 .text.miiphy_register
                0x0400eb14      0x108 common/built-in.o
                0x0400eb14                miiphy_register
 .text.mdio_list_devices
                0x0400ec1c       0x9c common/built-in.o
                0x0400ec1c                mdio_list_devices
 .text.miiphy_set_current_dev
                0x0400ecb8       0x40 common/built-in.o
                0x0400ecb8                miiphy_set_current_dev
 .text.miiphy_get_active_dev
                0x0400ecf8       0x54 common/built-in.o
 .text.mdio_get_current_dev
                0x0400ed4c       0x10 common/built-in.o
                0x0400ed4c                mdio_get_current_dev
 .text.mdio_phydev_for_ethname
                0x0400ed5c       0x8c common/built-in.o
                0x0400ed5c                mdio_phydev_for_ethname
 .text.miiphy_get_current_dev
                0x0400ede8       0x18 common/built-in.o
                0x0400ede8                miiphy_get_current_dev
 .text.miiphy_read
                0x0400ee00       0x4c common/built-in.o
                0x0400ee00                miiphy_read
 .text.miiphy_write
                0x0400ee4c       0x40 common/built-in.o
                0x0400ee4c                miiphy_write
 .text.miiphy_listdev
                0x0400ee8c       0x74 common/built-in.o
                0x0400ee8c                miiphy_listdev
 .text.miiphy_info
                0x0400ef00       0x88 common/built-in.o
                0x0400ef00                miiphy_info
 .text.miiphy_speed
                0x0400ef88       0x90 common/built-in.o
                0x0400ef88                miiphy_speed
 .text.miiphy_duplex
                0x0400f018       0x90 common/built-in.o
                0x0400f018                miiphy_duplex
 .text.miiphy_is_1000base_x
                0x0400f0a8        0x8 common/built-in.o
                0x0400f0a8                miiphy_is_1000base_x
 .text.extract_range
                0x0400f0b0       0xe0 common/built-in.o
 .text.do_mii   0x0400f190      0x7a4 common/built-in.o
 .text.do_mdio  0x0400f934      0x4c0 common/built-in.o
 .text.do_sleep
                0x0400fdf4       0x70 common/built-in.o
 .text.do_mmcops
                0x0400fe64       0xb4 common/built-in.o
 .text.init_mmc_device
                0x0400ff18       0x54 common/built-in.o
 .text.do_mmc_rescan
                0x0400ff6c       0x24 common/built-in.o
 .text.do_mmc_list
                0x0400ff90       0x14 common/built-in.o
 .text.do_mmc_dev
                0x0400ffa4      0x134 common/built-in.o
 .text.do_mmc_part
                0x040100d8       0x5c common/built-in.o
 .text.do_mmc_erase
                0x04010134       0xe8 common/built-in.o
 .text.do_mmc_write
                0x0401021c      0x100 common/built-in.o
 .text.do_mmc_read
                0x0401031c       0xec common/built-in.o
 .text.do_mmcinfo
                0x04010408      0x170 common/built-in.o
 .text.do_mmc_setdsr
                0x04010578       0xb0 common/built-in.o
 .text.netboot_common
                0x04010628      0x308 common/built-in.o
 .text.do_bootp
                0x04010930        0xc common/built-in.o
 .text.do_tftpput
                0x0401093c        0xc common/built-in.o
                0x0401093c                do_tftpput
 .text.do_dhcp  0x04010948        0xc common/built-in.o
 .text.do_nfs   0x04010954        0xc common/built-in.o
 .text.do_tftpb
                0x04010960       0x40 common/built-in.o
                0x04010960                do_tftpb
 .text.do_ping  0x040109a0       0x74 common/built-in.o
 .text.bytes_per_second
                0x04010a14       0x50 common/built-in.o
 .text.do_spi_flash
                0x04010a64      0x750 common/built-in.o
 .text.do_spi   0x040111b4      0x264 common/built-in.o
                0x040111b4                do_spi
 .text.do_false
                0x04011418        0x8 common/built-in.o
 .text.do_true  0x04011420        0x8 common/built-in.o
 .text.do_test  0x04011428      0x350 common/built-in.o
 .text.usb_get_class_desc
                0x04011778       0xbc common/built-in.o
 .text.usb_display_class_sub
                0x04011834      0x180 common/built-in.o
 .text.usb_find_device
                0x040119b4       0x3c common/built-in.o
 .text.usb_show_tree_graph
                0x040119f0      0x218 common/built-in.o
 .text.usb_display_string
                0x04011c08       0x44 common/built-in.o
 .text.usb_display_config
                0x04011c4c      0x214 common/built-in.o
 .text.do_usbboot
                0x04011e60        0xc common/built-in.o
 .text.usb_display_desc.part.1
                0x04011e6c      0x12c common/built-in.o
 .text.do_usb   0x04011f98      0x770 common/built-in.o
 .text.usb_set_maxpacket_ep
                0x04012708       0x68 common/built-in.o
 .text.usb_stop
                0x04012770       0x78 common/built-in.o
                0x04012770                usb_stop
 .text.usb_disable_asynch
                0x040127e8       0x20 common/built-in.o
                0x040127e8                usb_disable_asynch
 .text.usb_control_msg
                0x04012808       0xc0 common/built-in.o
                0x04012808                usb_control_msg
 .text.usb_get_descriptor
                0x040128c8       0x50 common/built-in.o
 .text.usb_get_string
                0x04012918       0x6c common/built-in.o
 .text.usb_string_sub
                0x04012984      0x10c common/built-in.o
 .text.usb_bulk_msg
                0x04012a90       0x70 common/built-in.o
                0x04012a90                usb_bulk_msg
 .text.usb_maxpacket
                0x04012b00       0x1c common/built-in.o
                0x04012b00                usb_maxpacket
 .text.usb_clear_halt
                0x04012b1c       0x90 common/built-in.o
                0x04012b1c                usb_clear_halt
 .text.usb_get_configuration_no
                0x04012bac       0xbc common/built-in.o
                0x04012bac                usb_get_configuration_no
 .text.usb_set_interface
                0x04012c68       0xb0 common/built-in.o
                0x04012c68                usb_set_interface
 .text.usb_string
                0x04012d18      0x104 common/built-in.o
                0x04012d18                usb_string
 .text.usb_get_dev_index
                0x04012e1c       0x24 common/built-in.o
                0x04012e1c                usb_get_dev_index
 .text.usb_alloc_new_device
                0x04012e40       0x8c common/built-in.o
                0x04012e40                usb_alloc_new_device
 .text.usb_free_device
                0x04012ecc       0x48 common/built-in.o
                0x04012ecc                usb_free_device
 .text.usb_alloc_device
                0x04012f14        0x8 common/built-in.o
                0x04012f14                usb_alloc_device
 .text.usb_new_device
                0x04012f1c      0x614 common/built-in.o
                0x04012f1c                usb_new_device
 .text.usb_init
                0x04013530      0x12c common/built-in.o
                0x04013530                usb_init
 .text.board_usb_init
                0x0401365c        0x8 common/built-in.o
                0x0401365c                board_usb_init
 .text.usb_set_port_feature
                0x04013664       0x4c common/built-in.o
 .text.usb_get_port_status
                0x040136b0       0x4c common/built-in.o
 .text.usb_clear_port_feature
                0x040136fc       0x4c common/built-in.o
 .text.usb_hub_power_on
                0x04013748       0xb4 common/built-in.o
 .text.usb_get_hub_descriptor
                0x040137fc       0x50 common/built-in.o
 .text.usb_hub_reset_devices
                0x0401384c        0x4 common/built-in.o
                0x0401384c                usb_hub_reset_devices
 .text.usb_hub_reset
                0x04013850       0x14 common/built-in.o
                0x04013850                usb_hub_reset
 .text.hub_port_reset
                0x04013864       0xac common/built-in.o
                0x04013864                hub_port_reset
 .text.usb_hub_port_connect_change
                0x04013910      0x120 common/built-in.o
                0x04013910                usb_hub_port_connect_change
 .text.usb_hub_configure
                0x04013a30      0x2d8 common/built-in.o
 .text.usb_hub_probe
                0x04013d08       0x58 common/built-in.o
                0x04013d08                usb_hub_probe
 .text.usb_stor_irq
                0x04013d60       0x1c common/built-in.o
 .text.usb_request_sense
                0x04013d7c       0x68 common/built-in.o
 .text.usb_stor_BBB_reset
                0x04013de4       0xd4 common/built-in.o
 .text.usb_stor_CB_reset
                0x04013eb8       0xcc common/built-in.o
 .text.usb_stor_BBB_clear_endpt_stall.isra.2
                0x04013f84       0x40 common/built-in.o
 .text.usb_stor_BBB_transport
                0x04013fc4      0x25c common/built-in.o
 .text.usb_stor_CB_comdat
                0x04014220      0x1fc common/built-in.o
 .text.usb_stor_CBI_get_status.isra.4
                0x0401441c       0xc4 common/built-in.o
 .text.usb_stor_CB_transport
                0x040144e0      0x220 common/built-in.o
 .text.usb_stor_write
                0x04014700      0x1b0 common/built-in.o
                0x04014700                usb_stor_write
 .text.usb_stor_read
                0x040148b0      0x1b0 common/built-in.o
                0x040148b0                usb_stor_read
 .text.usb_stor_get_dev
                0x04014a60       0x28 common/built-in.o
                0x04014a60                usb_stor_get_dev
 .text.usb_stor_info
                0x04014a88       0x74 common/built-in.o
                0x04014a88                usb_stor_info
 .text.usb_storage_probe
                0x04014afc      0x200 common/built-in.o
                0x04014afc                usb_storage_probe
 .text.usb_stor_get_info
                0x04014cfc      0x31c common/built-in.o
                0x04014cfc                usb_stor_get_info
 .text.usb_stor_scan
                0x04015018      0x1e4 common/built-in.o
                0x04015018                usb_stor_scan
 .text.do_thor_down
                0x040151fc      0x104 common/built-in.o
                0x040151fc                do_thor_down
 .text.do_imgextract
                0x04015300      0x3ac common/built-in.o
 .text.do_spl   0x040156ac      0x1a0 common/built-in.o
 .text.do_dfu   0x0401584c       0xf4 common/built-in.o
 .text.do_env_delete
                0x04015940       0xa4 common/built-in.o
 .text.do_env_save
                0x040159e4       0x2c common/built-in.o
 .text.do_env   0x04015a10       0x5c common/built-in.o
 .text.env_print
                0x04015a6c       0xc0 common/built-in.o
 .text.do_env_print
                0x04015b2c       0xc8 common/built-in.o
 .text.do_env_import
                0x04015bf4      0x25c common/built-in.o
 .text.do_env_default
                0x04015e50       0xb8 common/built-in.o
 .text._do_env_set.isra.1
                0x04015f08      0x1c4 common/built-in.o
 .text.do_env_set
                0x040160cc       0x1c common/built-in.o
 .text.get_env_id
                0x040160e8       0x10 common/built-in.o
                0x040160e8                get_env_id
 .text.setenv   0x040160f8       0x58 common/built-in.o
                0x040160f8                setenv
 .text.setenv_ulong
                0x04016150       0x20 common/built-in.o
                0x04016150                setenv_ulong
 .text.setenv_hex
                0x04016170       0x34 common/built-in.o
                0x04016170                setenv_hex
 .text.do_env_export
                0x040161a4      0x274 common/built-in.o
 .text.envmatch
                0x04016418       0x70 common/built-in.o
                0x04016418                envmatch
 .text.getenv_f
                0x04016488       0xc8 common/built-in.o
                0x04016488                getenv_f
 .text.getenv   0x04016550       0x78 common/built-in.o
                0x04016550                getenv
 .text.getenv_hex
                0x040165c8       0x3c common/built-in.o
                0x040165c8                getenv_hex
 .text.getenv_ulong
                0x04016604       0x30 common/built-in.o
                0x04016604                getenv_ulong
 .text.do_env_edit
                0x04016634       0x74 common/built-in.o
 .text.__env_get_char_spec
                0x040166a8        0xc common/built-in.o
                0x040166a8                env_get_char_spec
 .text.env_get_addr
                0x040166b4       0x20 common/built-in.o
                0x040166b4                env_get_addr
 .text.env_get_char_memory
                0x040166d4       0x10 common/built-in.o
                0x040166d4                env_get_char_memory
 .text.env_get_char
                0x040166e4       0x30 common/built-in.o
                0x040166e4                env_get_char
 .text.getenv_yesno
                0x04016714       0x48 common/built-in.o
                0x04016714                getenv_yesno
 .text.getenv_default
                0x0401675c       0x30 common/built-in.o
                0x0401675c                getenv_default
 .text.set_default_env
                0x0401678c       0xbc common/built-in.o
                0x0401678c                set_default_env
 .text.set_default_vars
                0x04016848       0x34 common/built-in.o
                0x04016848                set_default_vars
 .text.env_import
                0x0401687c       0xe0 common/built-in.o
                0x0401687c                env_import
 .text.env_export
                0x0401695c       0xa4 common/built-in.o
                0x0401695c                env_export
 .text.env_relocate
                0x04016a00       0x30 common/built-in.o
                0x04016a00                env_relocate
 .text.env_complete
                0x04016a30       0xdc common/built-in.o
                0x04016a30                env_complete
 .text.console_setfile
                0x04016b0c       0xa0 common/built-in.o
 .text.fgetc    0x04016bac       0x2c common/built-in.o
                0x04016bac                fgetc
 .text.ftstc    0x04016bd8       0x2c common/built-in.o
                0x04016bd8                ftstc
 .text.fputc    0x04016c04       0x28 common/built-in.o
                0x04016c04                fputc
 .text.getc     0x04016c2c       0x24 common/built-in.o
                0x04016c2c                getc
 .text.tstc     0x04016c50       0x24 common/built-in.o
                0x04016c50                tstc
 .text.putc     0x04016c74       0x28 common/built-in.o
                0x04016c74                putc
 .text.puts     0x04016c9c       0x3c common/built-in.o
                0x04016c9c                puts
 .text.printf   0x04016cd8       0x58 common/built-in.o
                0x04016cd8                printf
 .text.vprintf  0x04016d30       0x40 common/built-in.o
                0x04016d30                vprintf
 .text.ctrlc    0x04016d70       0x58 common/built-in.o
                0x04016d70                ctrlc
 .text.had_ctrlc
                0x04016dc8       0x10 common/built-in.o
                0x04016dc8                had_ctrlc
 .text.clear_ctrlc
                0x04016dd8       0x14 common/built-in.o
                0x04016dd8                clear_ctrlc
 .text.search_device
                0x04016dec       0x28 common/built-in.o
                0x04016dec                search_device
 .text.console_assign
                0x04016e14       0x44 common/built-in.o
                0x04016e14                console_assign
 .text.on_console
                0x04016e58       0xb8 common/built-in.o
 .text.console_init_f
                0x04016f10       0x10 common/built-in.o
                0x04016f10                console_init_f
 .text.stdio_print_current_devices
                0x04016f20       0xb0 common/built-in.o
                0x04016f20                stdio_print_current_devices
 .text.console_init_r
                0x04016fd0       0xd4 common/built-in.o
                0x04016fd0                console_init_r
 .text.sbrk     0x040170a4       0x70 common/built-in.o
                0x040170a4                sbrk
 .text.mem_malloc_init
                0x04017114       0x34 common/built-in.o
                0x04017114                mem_malloc_init
 .text.malloc_trim
                0x04017148       0xcc common/built-in.o
                0x04017148                malloc_trim
 .text.free     0x04017214      0x230 common/built-in.o
                0x04017214                free
 .text.malloc   0x04017444      0x5dc common/built-in.o
                0x04017444                malloc
 .text.calloc   0x04017a20       0xdc common/built-in.o
                0x04017a20                calloc
 .text.realloc  0x04017afc      0x4c0 common/built-in.o
                0x04017afc                realloc
 .text.memalign
                0x04017fbc      0x10c common/built-in.o
                0x04017fbc                memalign
 .text.on_loadaddr
                0x040180c8       0x38 common/built-in.o
 .text.image_check_hcrc
                0x04018100       0x4c common/built-in.o
                0x04018100                image_check_hcrc
 .text.image_check_dcrc
                0x0401814c       0x38 common/built-in.o
                0x0401814c                image_check_dcrc
 .text.image_multi_count
                0x04018184       0x1c common/built-in.o
                0x04018184                image_multi_count
 .text.image_multi_getimg
                0x040181a0       0x80 common/built-in.o
                0x040181a0                image_multi_getimg
 .text.getenv_bootm_low
                0x04018220       0x30 common/built-in.o
                0x04018220                getenv_bootm_low
 .text.getenv_bootm_size
                0x04018250       0x5c common/built-in.o
                0x04018250                getenv_bootm_size
 .text.getenv_bootm_mapsize
                0x040182ac       0x30 common/built-in.o
                0x040182ac                getenv_bootm_mapsize
 .text.memmove_wd
                0x040182dc        0xc common/built-in.o
                0x040182dc                memmove_wd
 .text.genimg_print_size
                0x040182e8       0x30 common/built-in.o
                0x040182e8                genimg_print_size
 .text.get_table_entry_name
                0x04018318       0x2c common/built-in.o
                0x04018318                get_table_entry_name
 .text.genimg_get_os_name
                0x04018344       0x18 common/built-in.o
                0x04018344                genimg_get_os_name
 .text.genimg_get_arch_name
                0x0401835c       0x18 common/built-in.o
                0x0401835c                genimg_get_arch_name
 .text.genimg_get_type_name
                0x04018374       0x18 common/built-in.o
                0x04018374                genimg_get_type_name
 .text.genimg_get_comp_name
                0x0401838c       0x18 common/built-in.o
                0x0401838c                genimg_get_comp_name
 .text.image_print_contents
                0x040183a4      0x16c common/built-in.o
                0x040183a4                image_print_contents
 .text.get_table_entry_id
                0x04018510       0x50 common/built-in.o
                0x04018510                get_table_entry_id
 .text.genimg_get_os_id
                0x04018560       0x18 common/built-in.o
                0x04018560                genimg_get_os_id
 .text.genimg_get_arch_id
                0x04018578       0x18 common/built-in.o
                0x04018578                genimg_get_arch_id
 .text.genimg_get_type_id
                0x04018590       0x18 common/built-in.o
                0x04018590                genimg_get_type_id
 .text.genimg_get_comp_id
                0x040185a8       0x18 common/built-in.o
                0x040185a8                genimg_get_comp_id
 .text.genimg_get_format
                0x040185c0       0x38 common/built-in.o
                0x040185c0                genimg_get_format
 .text.genimg_get_image
                0x040185f8        0x4 common/built-in.o
                0x040185f8                genimg_get_image
 .text.genimg_has_config
                0x040185fc       0x10 common/built-in.o
                0x040185fc                genimg_has_config
 .text.boot_get_ramdisk
                0x0401860c      0x33c common/built-in.o
                0x0401860c                boot_get_ramdisk
 .text.boot_ramdisk_high
                0x04018948      0x128 common/built-in.o
                0x04018948                boot_ramdisk_high
 .text.image_setup_linux
                0x04018a70       0x8c common/built-in.o
                0x04018a70                image_setup_linux
 .text.fdt_error
                0x04018afc       0x2c common/built-in.o
 .text.boot_fdt_add_mem_rsv_regions
                0x04018b28       0x88 common/built-in.o
                0x04018b28                boot_fdt_add_mem_rsv_regions
 .text.boot_relocate_fdt
                0x04018bb0      0x194 common/built-in.o
                0x04018bb0                boot_relocate_fdt
 .text.boot_get_fdt
                0x04018d44      0x384 common/built-in.o
                0x04018d44                boot_get_fdt
 .text.ft_verify_fdt
                0x040190c8        0x8 common/built-in.o
                0x040190c8                ft_verify_fdt
 .text.image_setup_libfdt
                0x040190d0       0xd0 common/built-in.o
                0x040190d0                image_setup_libfdt
 .text.fit_parse_conf
                0x040191a0       0x64 common/built-in.o
                0x040191a0                fit_parse_conf
 .text.fit_parse_subimage
                0x04019204       0x64 common/built-in.o
                0x04019204                fit_parse_subimage
 .text.fit_get_desc
                0x04019268       0x30 common/built-in.o
                0x04019268                fit_get_desc
 .text.fit_image_get_node
                0x04019298       0x30 common/built-in.o
                0x04019298                fit_image_get_node
 .text.fit_image_get_os
                0x040192c8       0x3c common/built-in.o
                0x040192c8                fit_image_get_os
 .text.fit_image_get_arch
                0x04019304       0x3c common/built-in.o
                0x04019304                fit_image_get_arch
 .text.fit_image_get_type
                0x04019340       0x3c common/built-in.o
                0x04019340                fit_image_get_type
 .text.fit_image_get_comp
                0x0401937c       0x3c common/built-in.o
                0x0401937c                fit_image_get_comp
 .text.fit_image_get_load
                0x040193b8       0x38 common/built-in.o
                0x040193b8                fit_image_get_load
 .text.fit_image_get_entry
                0x040193f0       0x38 common/built-in.o
                0x040193f0                fit_image_get_entry
 .text.fit_image_get_data
                0x04019428       0x40 common/built-in.o
                0x04019428                fit_image_get_data
 .text.fit_image_hash_get_algo
                0x04019468       0x30 common/built-in.o
                0x04019468                fit_image_hash_get_algo
 .text.fit_image_hash_get_value
                0x04019498       0x40 common/built-in.o
                0x04019498                fit_image_hash_get_value
 .text.fit_image_print_data
                0x040194d8      0x140 common/built-in.o
 .text.fit_image_print
                0x04019618      0x324 common/built-in.o
                0x04019618                fit_image_print
 .text.calculate_hash
                0x0401993c       0xfc common/built-in.o
                0x0401993c                calculate_hash
 .text.fit_image_verify
                0x04019a38      0x218 common/built-in.o
                0x04019a38                fit_image_verify
 .text.fit_all_image_verify
                0x04019c50       0xe4 common/built-in.o
                0x04019c50                fit_all_image_verify
 .text.fit_image_check_os
                0x04019d34       0x34 common/built-in.o
                0x04019d34                fit_image_check_os
 .text.fit_image_check_arch
                0x04019d68       0x34 common/built-in.o
                0x04019d68                fit_image_check_arch
 .text.fit_image_check_type
                0x04019d9c       0x34 common/built-in.o
                0x04019d9c                fit_image_check_type
 .text.fit_image_check_comp
                0x04019dd0       0x34 common/built-in.o
                0x04019dd0                fit_image_check_comp
 .text.fit_check_format
                0x04019e04       0x40 common/built-in.o
                0x04019e04                fit_check_format
 .text.fit_conf_get_node
                0x04019e44       0x68 common/built-in.o
                0x04019e44                fit_conf_get_node
 .text.fit_conf_get_prop_node
                0x04019eac       0x2c common/built-in.o
                0x04019eac                fit_conf_get_prop_node
 .text.fit_conf_print
                0x04019ed8      0x108 common/built-in.o
                0x04019ed8                fit_conf_print
 .text.fit_print_contents
                0x04019fe0      0x1e4 common/built-in.o
                0x04019fe0                fit_print_contents
 .text.fit_image_select
                0x0401a1c4       0x6c common/built-in.o
                0x0401a1c4                fit_image_select
 .text.fit_get_node_from_config
                0x0401a230       0x44 common/built-in.o
                0x0401a230                fit_get_node_from_config
 .text.fit_image_load
                0x0401a274      0x4a0 common/built-in.o
                0x0401a274                fit_image_load
 .text.get_effective_memsize
                0x0401a714        0x8 common/built-in.o
                0x0401a714                get_effective_memsize
 .text.stdio_get_list
                0x0401a71c        0xc common/built-in.o
                0x0401a71c                stdio_get_list
 .text.stdio_get_by_name
                0x0401a728       0x4c common/built-in.o
                0x0401a728                stdio_get_by_name
 .text.stdio_clone
                0x0401a774       0x40 common/built-in.o
                0x0401a774                stdio_clone
 .text.stdio_register
                0x0401a7b4       0x3c common/built-in.o
                0x0401a7b4                stdio_register
 .text.stdio_init
                0x0401a7f0       0x90 common/built-in.o
                0x0401a7f0                stdio_init
 .text.get_dev_hwpart
                0x0401a880       0xa4 disk/built-in.o
                0x0401a880                get_dev_hwpart
 .text.get_dev  0x0401a924        0x8 disk/built-in.o
                0x0401a924                get_dev
 .text.dev_print
                0x0401a92c      0x218 disk/built-in.o
                0x0401a92c                dev_print
 .text.init_part
                0x0401ab44       0x20 disk/built-in.o
                0x0401ab44                init_part
 .text.print_part
                0x0401ab64       0xf8 disk/built-in.o
                0x0401ab64                print_part
 .text.get_partition_info
                0x0401ac5c       0x28 disk/built-in.o
                0x0401ac5c                get_partition_info
 .text.get_device
                0x0401ac84      0x118 disk/built-in.o
                0x0401ac84                get_device
 .text.get_device_and_partition
                0x0401ad9c      0x458 disk/built-in.o
                0x0401ad9c                get_device_and_partition
 .text.test_block_type
                0x0401b1f4       0x7c disk/built-in.o
 .text.print_partition_extended
                0x0401b270      0x25c disk/built-in.o
 .text.get_partition_info_extended.constprop.2
                0x0401b4cc      0x2e8 disk/built-in.o
 .text.test_part_dos
                0x0401b7b4       0x60 disk/built-in.o
                0x0401b7b4                test_part_dos
 .text.print_part_dos
                0x0401b814       0x34 disk/built-in.o
                0x0401b814                print_part_dos
 .text.get_partition_info_dos
                0x0401b848       0x20 disk/built-in.o
                0x0401b848                get_partition_info_dos
 .text.fpga_no_sup
                0x0401b868       0x4c drivers/built-in.o
 .text.fpga_get_desc
                0x0401b8b4       0x34 drivers/built-in.o
                0x0401b8b4                fpga_get_desc
 .text.fpga_dev_info
                0x0401b8e8       0x9c drivers/built-in.o
 .text.fpga_validate
                0x0401b984       0x54 drivers/built-in.o
                0x0401b984                fpga_validate
 .text.fpga_init
                0x0401b9d8       0x20 drivers/built-in.o
                0x0401b9d8                fpga_init
 .text.fpga_count
                0x0401b9f8       0x10 drivers/built-in.o
                0x0401b9f8                fpga_count
 .text.fpga_add
                0x0401ba08       0xa0 drivers/built-in.o
                0x0401ba08                fpga_add
 .text.fpga_loadbitstream
                0x0401baa8      0x274 drivers/built-in.o
                0x0401bac0                fpga_loadbitstream
 .text.fpga_fsload
                0x0401bd1c       0x60 drivers/built-in.o
                0x0401bd1c                fpga_fsload
 .text.fpga_load
                0x0401bd7c       0x94 drivers/built-in.o
                0x0401bd7c                fpga_load
 .text.fpga_dump
                0x0401be10       0x8c drivers/built-in.o
                0x0401be10                fpga_dump
 .text.fpga_info
                0x0401be9c       0x74 drivers/built-in.o
                0x0401be9c                fpga_info
 .text.zynq_info
                0x0401bf10        0x8 drivers/built-in.o
 .text.zynq_dump
                0x0401bf18        0x8 drivers/built-in.o
 .text.zynq_dma_transfer.constprop.4
                0x0401bf20       0xa0 drivers/built-in.o
 .text.load_word
                0x0401bfc0       0x48 drivers/built-in.o
 .text.zynq_align_dma_buffer
                0x0401c008       0xc4 drivers/built-in.o
 .text.zynq_validate_bitstream.isra.3
                0x0401c0cc      0x264 drivers/built-in.o
 .text.zynq_loadfs
                0x0401c330      0x1a8 drivers/built-in.o
 .text.zynq_load
                0x0401c4d8       0xd8 drivers/built-in.o
 .text.xilinx_validate
                0x0401c5b0       0x78 drivers/built-in.o
 .text.xilinx_load
                0x0401c628       0x80 drivers/built-in.o
                0x0401c628                xilinx_load
 .text.xilinx_loadfs
                0x0401c6a8       0x78 drivers/built-in.o
                0x0401c6a8                xilinx_loadfs
 .text.xilinx_dump
                0x0401c720       0x78 drivers/built-in.o
                0x0401c720                xilinx_dump
 .text.xilinx_info
                0x0401c798      0x1c8 drivers/built-in.o
                0x0401c798                xilinx_info
 .text.dfu_write_buffer_drain
                0x0401c960       0xa8 drivers/built-in.o
 .text.dfu_reset
                0x0401ca08       0x10 drivers/built-in.o
                0x0401ca08                dfu_reset
 .text.dfu_trigger_reset
                0x0401ca18       0x14 drivers/built-in.o
                0x0401ca18                dfu_trigger_reset
 .text.dfu_free_buf
                0x0401ca2c       0x20 drivers/built-in.o
                0x0401ca2c                dfu_free_buf
 .text.dfu_get_buf_size
                0x0401ca4c       0x10 drivers/built-in.o
                0x0401ca4c                dfu_get_buf_size
 .text.dfu_get_buf
                0x0401ca5c       0x88 drivers/built-in.o
                0x0401ca5c                dfu_get_buf
 .text.dfu_flush
                0x0401cae4       0x9c drivers/built-in.o
                0x0401cae4                dfu_flush
 .text.dfu_write
                0x0401cb80      0x170 drivers/built-in.o
                0x0401cb80                dfu_write
 .text.dfu_read
                0x0401ccf0      0x2ac drivers/built-in.o
                0x0401ccf0                dfu_read
 .text.dfu_free_entities
                0x0401cf9c       0x84 drivers/built-in.o
                0x0401cf9c                dfu_free_entities
 .text.dfu_config_entities
                0x0401d020      0x244 drivers/built-in.o
                0x0401d020                dfu_config_entities
 .text.dfu_init_env_entities
                0x0401d264       0x90 drivers/built-in.o
                0x0401d264                dfu_init_env_entities
 .text.dfu_get_dev_type
                0x0401d2f4       0x3c drivers/built-in.o
                0x0401d2f4                dfu_get_dev_type
 .text.dfu_get_layout
                0x0401d330       0x3c drivers/built-in.o
                0x0401d330                dfu_get_layout
 .text.dfu_show_entities
                0x0401d36c       0x74 drivers/built-in.o
                0x0401d36c                dfu_show_entities
 .text.dfu_get_alt_number
                0x0401d3e0       0x10 drivers/built-in.o
                0x0401d3e0                dfu_get_alt_number
 .text.dfu_get_entity
                0x0401d3f0       0x40 drivers/built-in.o
                0x0401d3f0                dfu_get_entity
 .text.dfu_get_alt
                0x0401d430       0x64 drivers/built-in.o
                0x0401d430                dfu_get_alt
 .text.mmc_file_op
                0x0401d494      0x1a0 drivers/built-in.o
 .text.mmc_access_part.isra.0
                0x0401d634       0x68 drivers/built-in.o
 .text.mmc_block_op
                0x0401d69c      0x1bc drivers/built-in.o
 .text.dfu_write_medium_mmc
                0x0401d858       0xb4 drivers/built-in.o
                0x0401d858                dfu_write_medium_mmc
 .text.dfu_flush_medium_mmc
                0x0401d90c       0x44 drivers/built-in.o
                0x0401d90c                dfu_flush_medium_mmc
 .text.dfu_get_medium_size_mmc
                0x0401d950       0x78 drivers/built-in.o
                0x0401d950                dfu_get_medium_size_mmc
 .text.dfu_read_medium_mmc
                0x0401d9c8       0x6c drivers/built-in.o
                0x0401d9c8                dfu_read_medium_mmc
 .text.dfu_fill_entity_mmc
                0x0401da34      0x2b0 drivers/built-in.o
                0x0401da34                dfu_fill_entity_mmc
 .text.dfu_get_medium_size_ram
                0x0401dce4        0x8 drivers/built-in.o
                0x0401dce4                dfu_get_medium_size_ram
 .text.dfu_write_medium_ram
                0x0401dcec       0x9c drivers/built-in.o
 .text.dfu_read_medium_ram
                0x0401dd88       0x9c drivers/built-in.o
 .text.dfu_fill_entity_ram
                0x0401de24       0xe8 drivers/built-in.o
                0x0401de24                dfu_fill_entity_ram
 .text.i2c_get_adapter
                0x0401df0c       0x64 drivers/i2c/built-in.o
                0x0401df0c                i2c_get_adapter
 .text.i2c_init_bus
                0x0401df70       0x90 drivers/i2c/built-in.o
 .text.i2c_get_bus_num
                0x0401e000        0x8 drivers/i2c/built-in.o
                0x0401e000                i2c_get_bus_num
 .text.i2c_set_bus_num
                0x0401e008       0xbc drivers/i2c/built-in.o
                0x0401e008                i2c_set_bus_num
 .text.i2c_init_all
                0x0401e0c4       0x14 drivers/i2c/built-in.o
                0x0401e0c4                i2c_init_all
 .text.i2c_probe
                0x0401e0d8       0x28 drivers/i2c/built-in.o
                0x0401e0d8                i2c_probe
 .text.i2c_read
                0x0401e100       0x4c drivers/i2c/built-in.o
                0x0401e100                i2c_read
 .text.i2c_write
                0x0401e14c       0x4c drivers/i2c/built-in.o
                0x0401e14c                i2c_write
 .text.i2c_set_bus_speed
                0x0401e198       0x64 drivers/i2c/built-in.o
                0x0401e198                i2c_set_bus_speed
 .text.i2c_get_bus_speed
                0x0401e1fc       0x14 drivers/i2c/built-in.o
                0x0401e1fc                i2c_get_bus_speed
 .text.__i2c_init
                0x0401e210       0x14 drivers/i2c/built-in.o
                0x0401e210                __i2c_init
                0x0401e210                i2c_init
 .text.zynq_i2c_init
                0x0401e224       0x34 drivers/i2c/built-in.o
 .text.zynq_i2c_set_bus_speed
                0x0401e258       0x18 drivers/i2c/built-in.o
 .text.zynq_i2c_wait
                0x0401e270       0x38 drivers/i2c/built-in.o
 .text.zynq_i2c_write
                0x0401e2a8      0x104 drivers/i2c/built-in.o
 .text.zynq_i2c_read
                0x0401e3ac      0x134 drivers/i2c/built-in.o
 .text.zynq_i2c_probe
                0x0401e4e0       0x68 drivers/i2c/built-in.o
 .text.mmc_set_ios
                0x0401e548       0x20 drivers/mmc/built-in.o
 .text.mmc_set_capacity
                0x0401e568       0xac drivers/mmc/built-in.o
 .text.board_mmc_getwp
                0x0401e614        0x8 drivers/mmc/built-in.o
                0x0401e614                board_mmc_getwp
 .text.mmc_getwp
                0x0401e61c       0x3c drivers/mmc/built-in.o
                0x0401e61c                mmc_getwp
 .text.__board_mmc_getcd
                0x0401e658        0x8 drivers/mmc/built-in.o
                0x0401e658                __board_mmc_getcd
                0x0401e658                board_mmc_getcd
 .text.mmc_send_cmd
                0x0401e660       0x18 drivers/mmc/built-in.o
                0x0401e660                mmc_send_cmd
 .text.mmc_go_idle
                0x0401e678       0x4c drivers/mmc/built-in.o
 .text.mmc_send_op_cond_iter
                0x0401e6c4       0x84 drivers/mmc/built-in.o
 .text.mmc_send_ext_csd
                0x0401e748       0x4c drivers/mmc/built-in.o
 .text.mmc_send_status
                0x0401e794       0xcc drivers/mmc/built-in.o
                0x0401e794                mmc_send_status
 .text.mmc_switch.isra.1
                0x0401e860       0x54 drivers/mmc/built-in.o
 .text.mmc_set_blocklen
                0x0401e8b4       0x3c drivers/mmc/built-in.o
                0x0401e8b4                mmc_set_blocklen
 .text.find_mmc_device
                0x0401e8f0       0x4c drivers/mmc/built-in.o
                0x0401e8f0                find_mmc_device
 .text.mmc_bread
                0x0401e93c      0x13c drivers/mmc/built-in.o
 .text.mmc_send_op_cond
                0x0401ea78       0x74 drivers/mmc/built-in.o
                0x0401ea78                mmc_send_op_cond
 .text.mmc_complete_op_cond
                0x0401eaec       0x8c drivers/mmc/built-in.o
                0x0401eaec                mmc_complete_op_cond
 .text.mmc_switch_part
                0x0401eb78       0x4c drivers/mmc/built-in.o
                0x0401eb78                mmc_switch_part
 .text.mmc_select_hwpart
                0x0401ebc4       0x6c drivers/mmc/built-in.o
                0x0401ebc4                mmc_select_hwpart
 .text.mmc_getcd
                0x0401ec30       0x3c drivers/mmc/built-in.o
                0x0401ec30                mmc_getcd
 .text.mmc_set_clock
                0x0401ec6c       0x24 drivers/mmc/built-in.o
                0x0401ec6c                mmc_set_clock
 .text.mmc_startup
                0x0401ec90      0xb88 drivers/mmc/built-in.o
 .text.mmc_create
                0x0401f818       0xfc drivers/mmc/built-in.o
                0x0401f818                mmc_create
 .text.mmc_start_init
                0x0401f914      0x224 drivers/mmc/built-in.o
                0x0401f914                mmc_start_init
 .text.mmc_init
                0x0401fb38       0x8c drivers/mmc/built-in.o
                0x0401fb38                mmc_init
 .text.mmc_get_dev
                0x0401fbc4       0x2c drivers/mmc/built-in.o
                0x0401fbc4                mmc_get_dev
 .text.mmc_set_dsr
                0x0401fbf0        0xc drivers/mmc/built-in.o
                0x0401fbf0                mmc_set_dsr
 .text.__def_mmc_init
                0x0401fbfc        0x8 drivers/mmc/built-in.o
                0x0401fbfc                cpu_mmc_init
 .text.print_mmc_devices
                0x0401fc04       0x6c drivers/mmc/built-in.o
                0x0401fc04                print_mmc_devices
 .text.get_mmc_num
                0x0401fc70       0x10 drivers/mmc/built-in.o
                0x0401fc70                get_mmc_num
 .text.mmc_initialize
                0x0401fc80       0x78 drivers/mmc/built-in.o
                0x0401fc80                mmc_initialize
 .text.sdhci_set_ios
                0x0401fcf8      0x1d4 drivers/mmc/built-in.o
                0x0401fcf8                sdhci_set_ios
 .text.sdhci_init
                0x0401fecc      0x198 drivers/mmc/built-in.o
                0x0401fecc                sdhci_init
 .text.sdhci_reset
                0x04020064       0x60 drivers/mmc/built-in.o
 .text.sdhci_send_command
                0x040200c4      0x3d4 drivers/mmc/built-in.o
                0x040200c4                sdhci_send_command
 .text.add_sdhci
                0x04020498      0x160 drivers/mmc/built-in.o
                0x04020498                add_sdhci
 .text.zynq_sdhci_init
                0x040205f8       0x70 drivers/mmc/built-in.o
                0x040205f8                zynq_sdhci_init
 .text.mmc_berase
                0x04020668      0x190 drivers/mmc/built-in.o
                0x04020668                mmc_berase
 .text.mmc_bwrite
                0x040207f8      0x160 drivers/mmc/built-in.o
                0x040207f8                mmc_bwrite
 .text.spi_flash_read_write
                0x04020958       0x84 drivers/mtd/spi/built-in.o
 .text.spi_flash_cmd_read
                0x040209dc       0x20 drivers/mtd/spi/built-in.o
                0x040209dc                spi_flash_cmd_read
 .text.spi_flash_cmd
                0x040209fc       0x2c drivers/mtd/spi/built-in.o
                0x040209fc                spi_flash_cmd
 .text.spi_flash_cmd_write
                0x04020a28       0x20 drivers/mtd/spi/built-in.o
                0x04020a28                spi_flash_cmd_write
 .text.spi_flash_set_qeb
                0x04020a48       0x6c drivers/mtd/spi/built-in.o
 .text.spi_flash_probe
                0x04020ab4      0x480 drivers/mtd/spi/built-in.o
                0x04020ab4                spi_flash_probe
 .text.spi_flash_free
                0x04020f34       0x1c drivers/mtd/spi/built-in.o
                0x04020f34                spi_flash_free
 .text.spi_flash_dual_flash
                0x04020f50       0x5c drivers/mtd/spi/built-in.o
 .text.spi_flash_cmd_wait_ready
                0x04020fac       0xe8 drivers/mtd/spi/built-in.o
                0x04020fac                spi_flash_cmd_wait_ready
 .text.spi_flash_write_common
                0x04021094       0x9c drivers/mtd/spi/built-in.o
                0x04021094                spi_flash_write_common
 .text.spi_flash_bank
                0x04021130       0x94 drivers/mtd/spi/built-in.o
 .text.spi_flash_cmd_erase_ops
                0x040211c4       0xe0 drivers/mtd/spi/built-in.o
                0x040211c4                spi_flash_cmd_erase_ops
 .text.spi_flash_cmd_write_ops
                0x040212a4       0xec drivers/mtd/spi/built-in.o
                0x040212a4                spi_flash_cmd_write_ops
 .text.spi_flash_read_common
                0x04021390       0x5c drivers/mtd/spi/built-in.o
                0x04021390                spi_flash_read_common
 .text.spi_flash_cmd_read_status
                0x040213ec       0x2c drivers/mtd/spi/built-in.o
                0x040213ec                spi_flash_cmd_read_status
 .text.spi_flash_cmd_write_config
                0x04021418       0x4c drivers/mtd/spi/built-in.o
                0x04021418                spi_flash_cmd_write_config
 .text.spi_flash_cmd_read_config
                0x04021464       0x2c drivers/mtd/spi/built-in.o
                0x04021464                spi_flash_cmd_read_config
 .text.spi_flash_cmd_read_ops
                0x04021490      0x1a0 drivers/mtd/spi/built-in.o
                0x04021490                spi_flash_cmd_read_ops
 .text.zynq_gem_setup_mac
                0x04021630       0x70 drivers/net/built-in.o
 .text.zynq_gem_halt
                0x040216a0       0x14 drivers/net/built-in.o
 .text.phy_setup_op
                0x040216b4       0x94 drivers/net/built-in.o
 .text.zynq_gem_miiphy_write
                0x04021748       0x2c drivers/net/built-in.o
 .text.zynq_gem_recv
                0x04021774       0xd8 drivers/net/built-in.o
 .text.zynq_gem_send
                0x0402184c       0xac drivers/net/built-in.o
 .text.zynq_gem_miiphyread
                0x040218f8       0x24 drivers/net/built-in.o
 .text.zynq_gem_init
                0x0402191c      0x290 drivers/net/built-in.o
 .text.zynq_gem_initialize
                0x04021bac      0x128 drivers/net/built-in.o
                0x04021bac                zynq_gem_initialize
 .text.genphy_shutdown
                0x04021cd4        0x8 drivers/net/phy/built-in.o
                0x04021cd4                genphy_shutdown
 .text.generic_ffs
                0x04021cdc       0x50 drivers/net/phy/built-in.o
 .text.phy_device_create
                0x04021d2c       0xe4 drivers/net/phy/built-in.o
 .text.genphy_restart_aneg
                0x04021e10       0x5c drivers/net/phy/built-in.o
                0x04021e10                genphy_restart_aneg
 .text.genphy_config_aneg
                0x04021e6c      0x1dc drivers/net/phy/built-in.o
                0x04021e6c                genphy_config_aneg
 .text.genphy_config
                0x04022048       0xb4 drivers/net/phy/built-in.o
                0x04022048                genphy_config
 .text.genphy_update_link
                0x040220fc      0x140 drivers/net/phy/built-in.o
                0x040220fc                genphy_update_link
 .text.genphy_parse_link
                0x0402223c      0x190 drivers/net/phy/built-in.o
                0x0402223c                genphy_parse_link
 .text.genphy_startup
                0x040223cc       0x1c drivers/net/phy/built-in.o
                0x040223cc                genphy_startup
 .text.phy_init
                0x040223e8       0x10 drivers/net/phy/built-in.o
                0x040223e8                phy_init
 .text.phy_register
                0x040223f8       0x28 drivers/net/phy/built-in.o
                0x040223f8                phy_register
 .text.get_phy_id
                0x04022420       0x70 drivers/net/phy/built-in.o
                0x04022420                get_phy_id
 .text.get_phy_device_by_mask
                0x04022490      0x134 drivers/net/phy/built-in.o
 .text.phy_reset
                0x040225c4       0xac drivers/net/phy/built-in.o
                0x040225c4                phy_reset
 .text.phy_find_by_mask
                0x04022670       0x3c drivers/net/phy/built-in.o
                0x04022670                phy_find_by_mask
 .text.phy_connect_dev
                0x040226ac       0x44 drivers/net/phy/built-in.o
                0x040226ac                phy_connect_dev
 .text.phy_connect
                0x040226f0       0x50 drivers/net/phy/built-in.o
                0x040226f0                phy_connect
 .text.phy_startup
                0x04022740       0x24 drivers/net/phy/built-in.o
                0x04022740                phy_startup
 .text.__board_phy_config
                0x04022764       0x24 drivers/net/phy/built-in.o
                0x04022764                board_phy_config
 .text.phy_config
                0x04022788       0x10 drivers/net/phy/built-in.o
                0x04022788                phy_config
 .text.m88e1xxx_parse_status
                0x04022798      0x10c drivers/net/phy/built-in.o
 .text.m88e1011s_startup
                0x040228a4       0x1c drivers/net/phy/built-in.o
 .text.m88e1118_startup
                0x040228c0       0x44 drivers/net/phy/built-in.o
 .text.m88e1145_startup
                0x04022904       0x40 drivers/net/phy/built-in.o
 .text.m88e1011s_config
                0x04022944       0xf8 drivers/net/phy/built-in.o
 .text.m88e1121_config
                0x04022a3c       0xcc drivers/net/phy/built-in.o
 .text.m88e1111s_config
                0x04022b08      0x324 drivers/net/phy/built-in.o
 .text.m88e1118_config
                0x04022e2c       0xc4 drivers/net/phy/built-in.o
 .text.m88e1145_config
                0x04022ef0      0x10c drivers/net/phy/built-in.o
 .text.m88e1149_config
                0x04022ffc       0xc4 drivers/net/phy/built-in.o
 .text.m88e1310_config
                0x040230c0      0x164 drivers/net/phy/built-in.o
 .text.phy_marvell_init
                0x04023224       0x78 drivers/net/phy/built-in.o
                0x04023224                phy_marvell_init
 .text.get_current
                0x0402329c       0x40 drivers/serial/built-in.o
 .text.serial_null
                0x040232dc        0x4 drivers/serial/built-in.o
                0x040232dc                jz_serial_initialize
                0x040232dc                bfin_serial_initialize
                0x040232dc                p3mx_serial_initialize
                0x040232dc                leon2_serial_initialize
                0x040232dc                leon3_serial_initialize
                0x040232dc                amirix_serial_initialize
                0x040232dc                marvell_serial_initialize
                0x040232dc                cpci750_serial_initialize
                0x040232dc                ns16550_serial_initialize
                0x040232dc                asc_serial_initialize
                0x040232dc                altera_serial_initialize
                0x040232dc                oc_serial_initialize
                0x040232dc                sh_serial_initialize
                0x040232dc                mxs_auart_initialize
                0x040232dc                arm_dcc_initialize
                0x040232dc                bmw_serial_initialize
                0x040232dc                arc_serial_initialize
                0x040232dc                mcf_serial_initialize
                0x040232dc                lh7a40x_serial_initialize
                0x040232dc                evb64260_serial_initialize
                0x040232dc                lpc32xx_serial_initialize
                0x040232dc                max3100_serial_initialize
                0x040232dc                mpc85xx_serial_initialize
                0x040232dc                imx_serial_initialize
                0x040232dc                bfin_jtag_initialize
                0x040232dc                cogent_serial_initialize
                0x040232dc                clps7111_serial_initialize