Archive member included to satisfy reference by file (symbol)

/home/merong/Zynq-7000/Xilinx/SDK/2014.4/gnu/arm/lin/bin/../lib/gcc/arm-xilinx-linux-gnueabi/4.8.3/libgcc.a(_udivsi3.o)
                              arch/arm/cpu/armv7/zynq/built-in.o (__aeabi_uidiv)
/home/merong/Zynq-7000/Xilinx/SDK/2014.4/gnu/arm/lin/bin/../lib/gcc/arm-xilinx-linux-gnueabi/4.8.3/libgcc.a(_divsi3.o)
                              fs/built-in.o (__aeabi_idiv)
/home/merong/Zynq-7000/Xilinx/SDK/2014.4/gnu/arm/lin/bin/../lib/gcc/arm-xilinx-linux-gnueabi/4.8.3/libgcc.a(_lshrdi3.o)
                              lib/built-in.o (__aeabi_llsr)
/home/merong/Zynq-7000/Xilinx/SDK/2014.4/gnu/arm/lin/bin/../lib/gcc/arm-xilinx-linux-gnueabi/4.8.3/libgcc.a(_ashldi3.o)
                              drivers/mmc/built-in.o (__aeabi_llsl)
/home/merong/Zynq-7000/Xilinx/SDK/2014.4/gnu/arm/lin/bin/../lib/gcc/arm-xilinx-linux-gnueabi/4.8.3/libgcc.a(_dvmd_lnx.o)
                              /home/merong/Zynq-7000/Xilinx/SDK/2014.4/gnu/arm/lin/bin/../lib/gcc/arm-xilinx-linux-gnueabi/4.8.3/libgcc.a(_udivsi3.o) (__aeabi_idiv0)

Discarded input sections

 .data          0x00000000        0x0 arch/arm/cpu/armv7/start.o
 .bss           0x00000000        0x0 arch/arm/cpu/armv7/start.o
 .text.board_init_f
                0x00000000       0x34 arch/arm/lib/built-in.o
 .text.interrupt_init
                0x00000000       0x1c arch/arm/lib/built-in.o
 .text.enable_interrupts
                0x00000000        0x4 arch/arm/lib/built-in.o
 .text.disable_interrupts
                0x00000000        0x8 arch/arm/lib/built-in.o
 .text.bad_mode
                0x00000000       0x10 arch/arm/lib/built-in.o
 .text.show_regs
                0x00000000      0x13c arch/arm/lib/built-in.o
 .text.do_undefined_instruction
                0x00000000       0x20 arch/arm/lib/built-in.o
 .text.do_software_interrupt
                0x00000000       0x20 arch/arm/lib/built-in.o
 .text.do_prefetch_abort
                0x00000000       0x20 arch/arm/lib/built-in.o
 .text.do_data_abort
                0x00000000       0x20 arch/arm/lib/built-in.o
 .text.do_not_used
                0x00000000       0x20 arch/arm/lib/built-in.o
 .text.do_fiq   0x00000000       0x20 arch/arm/lib/built-in.o
 .text.do_irq   0x00000000       0x20 arch/arm/lib/built-in.o
 .text.do_reset
                0x00000000       0x2c arch/arm/lib/built-in.o
 .text.flush_cache
                0x00000000        0x4 arch/arm/lib/built-in.o
 .text.flush_dcache_all
                0x00000000        0xc arch/arm/lib/built-in.o
 .text.enable_caches
                0x00000000        0xc arch/arm/lib/built-in.o
 .text.arm_init_before_mmu
                0x00000000        0x4 arch/arm/lib/built-in.o
 .text.arm_init_domains
                0x00000000        0x4 arch/arm/lib/built-in.o
 .text.set_section_dcache
                0x00000000       0x14 arch/arm/lib/built-in.o
 .text.mmu_page_table_flush
                0x00000000        0x4 arch/arm/lib/built-in.o
 .text.mmu_set_region_dcache_behaviour
                0x00000000       0x50 arch/arm/lib/built-in.o
 .text.dram_bank_mmu_setup
                0x00000000       0x40 arch/arm/lib/built-in.o
 .text.icache_enable
                0x00000000       0x18 arch/arm/lib/built-in.o
 .text.icache_status
                0x00000000        0xc arch/arm/lib/built-in.o
 .text.dcache_enable
                0x00000000        0x4 arch/arm/lib/built-in.o
 .text.dcache_status
                0x00000000        0x8 arch/arm/lib/built-in.o
 .rodata        0x00000000       0x80 arch/arm/lib/built-in.o
 .rodata.str1.1
                0x00000000      0x2a7 arch/arm/lib/built-in.o
 .__rel_dyn_start
                0x00000000        0x0 arch/arm/lib/built-in.o
 .__rel_dyn_end
                0x00000000        0x0 arch/arm/lib/built-in.o
 .__image_copy_end
                0x00000000        0x0 arch/arm/lib/built-in.o
 .__image_copy_start
                0x00000000        0x0 arch/arm/lib/built-in.o
 .__end         0x00000000        0x0 arch/arm/lib/built-in.o
 .bss           0x00000000        0x0 arch/arm/lib/built-in.o
 .text          0x00000000        0x0 arch/arm/cpu/armv7/built-in.o
 .text.flush_dcache_all
                0x00000000        0x4 arch/arm/cpu/armv7/built-in.o
 .text.invalidate_dcache_range
                0x00000000        0x4 arch/arm/cpu/armv7/built-in.o
 .text.arm_init_before_mmu
                0x00000000        0x4 arch/arm/cpu/armv7/built-in.o
 .text.flush_cache
                0x00000000        0x4 arch/arm/cpu/armv7/built-in.o
 .text.mmu_page_table_flush
                0x00000000        0x4 arch/arm/cpu/armv7/built-in.o
 .text.arm_init_domains
                0x00000000        0x4 arch/arm/cpu/armv7/built-in.o
 .text.v7_outer_cache_enable
                0x00000000        0x4 arch/arm/cpu/armv7/built-in.o
 .text.v7_outer_cache_flush_all
                0x00000000        0x4 arch/arm/cpu/armv7/built-in.o
 .text.v7_outer_cache_inval_all
                0x00000000        0x4 arch/arm/cpu/armv7/built-in.o
 .text.v7_outer_cache_flush_range
                0x00000000        0x4 arch/arm/cpu/armv7/built-in.o
 .text.v7_outer_cache_inval_range
                0x00000000        0x4 arch/arm/cpu/armv7/built-in.o
 .text.sdelay   0x00000000        0xc arch/arm/cpu/armv7/built-in.o
 .text.wait_on_value
                0x00000000       0x34 arch/arm/cpu/armv7/built-in.o
 .data          0x00000000        0x0 arch/arm/cpu/armv7/built-in.o
 .bss           0x00000000        0x0 arch/arm/cpu/armv7/built-in.o
 .text.get_ticks
                0x00000000       0x10 arch/arm/cpu/armv7/zynq/built-in.o
 .text.get_tbclk
                0x00000000        0x8 arch/arm/cpu/armv7/zynq/built-in.o
 .text.zynq_get_silicon_version
                0x00000000       0x14 arch/arm/cpu/armv7/zynq/built-in.o
 .text.reset_cpu
                0x00000000        0xc arch/arm/cpu/armv7/zynq/built-in.o
 .text.zynq_ddrc_init
                0x00000000       0x64 arch/arm/cpu/armv7/zynq/built-in.o
 .text.zynq_slcr_cpu_reset
                0x00000000       0x24 arch/arm/cpu/armv7/zynq/built-in.o
 .text.zynq_slcr_gem_clk_setup
                0x00000000       0x68 arch/arm/cpu/armv7/zynq/built-in.o
 .text.ddr2x_get_rate
                0x00000000       0x3c arch/arm/cpu/armv7/zynq/built-in.o
 .text.ddr3x_get_rate
                0x00000000       0x3c arch/arm/cpu/armv7/zynq/built-in.o
 .text.zynq_clk_periph_get_rate
                0x00000000       0x68 arch/arm/cpu/armv7/zynq/built-in.o
 .text.zynq_clk_pll_get_rate
                0x00000000        0x8 arch/arm/cpu/armv7/zynq/built-in.o
 .text.zynq_clk_periph_set_rate
                0x00000000      0x11c arch/arm/cpu/armv7/zynq/built-in.o
 .text.zynq_clk_register_periph_clk
                0x00000000       0x5c arch/arm/cpu/armv7/zynq/built-in.o
 .text.set_cpu_clk_info
                0x00000000      0x618 arch/arm/cpu/armv7/zynq/built-in.o
 .text.zynq_clk_set_rate
                0x00000000       0x40 arch/arm/cpu/armv7/zynq/built-in.o
 .text.zynq_clk_get_name
                0x00000000       0x18 arch/arm/cpu/armv7/zynq/built-in.o
 .text.soc_clk_dump
                0x00000000       0x50 arch/arm/cpu/armv7/zynq/built-in.o
 .data          0x00000000        0x0 arch/arm/cpu/armv7/zynq/built-in.o
 .bss           0x00000000        0x0 arch/arm/cpu/armv7/zynq/built-in.o
 .text          0x00000000        0x0 board/xilinx/zynq/built-in.o
 .text.board_late_init
                0x00000000       0x9c board/xilinx/zynq/built-in.o
 .text.checkboard
                0x00000000       0x18 board/xilinx/zynq/built-in.o
 .text.board_eth_init
                0x00000000       0x14 board/xilinx/zynq/built-in.o
 .text.dram_init
                0x00000000       0x18 board/xilinx/zynq/built-in.o
 .text.g_dnl_bind_fixup
                0x00000000       0x64 board/xilinx/zynq/built-in.o
 .data          0x00000000        0x0 board/xilinx/zynq/built-in.o
 .bss           0x00000000        0x0 board/xilinx/zynq/built-in.o
 .text          0x00000000        0x0 common/spl/built-in.o
 .text.spl_start_uboot
                0x00000000       0x24 common/spl/built-in.o
 .bss           0x00000000        0x0 common/spl/built-in.o
 .bss.boot_params_ptr
                0x00000000        0x4 common/spl/built-in.o
 .text          0x00000000        0x0 common/built-in.o
 .text.saveenv  0x00000000       0xdc common/built-in.o
 .text.env_relocate_spec
                0x00000000       0xc8 common/built-in.o
 .text.env_init
                0x00000000       0x1c common/built-in.o
 .text._do_env_set.isra.0
                0x00000000      0x1c4 common/built-in.o
 .text.get_env_id
                0x00000000       0x10 common/built-in.o
 .text.setenv   0x00000000       0x58 common/built-in.o
 .text.setenv_ulong
                0x00000000       0x20 common/built-in.o
 .text.setenv_hex
                0x00000000       0x34 common/built-in.o
 .text.envmatch
                0x00000000       0x70 common/built-in.o
 .text.getenv_f
                0x00000000       0xc8 common/built-in.o
 .text.getenv   0x00000000       0x78 common/built-in.o
 .text.getenv_hex
                0x00000000       0x3c common/built-in.o
 .text.getenv_ulong
                0x00000000       0x30 common/built-in.o
 .text.__env_get_char_spec
                0x00000000        0xc common/built-in.o
 .text.env_get_addr
                0x00000000       0x20 common/built-in.o
 .text.env_get_char_memory
                0x00000000       0x10 common/built-in.o
 .text.env_get_char
                0x00000000       0x30 common/built-in.o
 .text.getenv_yesno
                0x00000000       0x48 common/built-in.o
 .text.getenv_default
                0x00000000       0x30 common/built-in.o
 .text.set_default_env
                0x00000000       0xbc common/built-in.o
 .text.set_default_vars
                0x00000000       0x34 common/built-in.o
 .text.env_import
                0x00000000       0xe0 common/built-in.o
 .text.env_export
                0x00000000       0xa4 common/built-in.o
 .text.env_relocate
                0x00000000       0x14 common/built-in.o
 .text.console_setfile
                0x00000000       0xa0 common/built-in.o
 .text.serial_printf
                0x00000000       0x4c common/built-in.o
 .text.fputc    0x00000000       0x28 common/built-in.o
 .text.fputs    0x00000000       0x28 common/built-in.o
 .text.fprintf  0x00000000       0x54 common/built-in.o
 .text.putc     0x00000000       0x28 common/built-in.o
 .text.vprintf  0x00000000       0x40 common/built-in.o
 .text.confirm_yesno
                0x00000000       0xd4 common/built-in.o
 .text.disable_ctrlc
                0x00000000       0x18 common/built-in.o
 .text.had_ctrlc
                0x00000000       0x10 common/built-in.o
 .text.clear_ctrlc
                0x00000000       0x14 common/built-in.o
 .text.dbg      0x00000000        0xc common/built-in.o
 .text.search_device
                0x00000000       0x28 common/built-in.o
 .text.console_assign
                0x00000000       0x44 common/built-in.o
 .text.console_init_f
                0x00000000       0x10 common/built-in.o
 .text.stdio_print_current_devices
                0x00000000       0xb0 common/built-in.o
 .text.console_init_r
                0x00000000       0xd4 common/built-in.o
 .text.realloc  0x00000000      0x4c0 common/built-in.o
 .text.valloc   0x00000000        0xc common/built-in.o
 .text.pvalloc  0x00000000       0x18 common/built-in.o
 .text.cfree    0x00000000        0x4 common/built-in.o
 .text.malloc_usable_size
                0x00000000       0x3c common/built-in.o
 .text.mallopt  0x00000000       0x68 common/built-in.o
 .text.image_check_hcrc
                0x00000000       0x4c common/built-in.o
 .text.image_check_dcrc
                0x00000000       0x38 common/built-in.o
 .text.image_multi_count
                0x00000000       0x1c common/built-in.o
 .text.image_multi_getimg
                0x00000000       0x80 common/built-in.o
 .text.getenv_bootm_low
                0x00000000       0x30 common/built-in.o
 .text.getenv_bootm_size
                0x00000000       0x5c common/built-in.o
 .text.getenv_bootm_mapsize
                0x00000000       0x30 common/built-in.o
 .text.memmove_wd
                0x00000000        0xc common/built-in.o
 .text.genimg_print_size
                0x00000000       0x30 common/built-in.o
 .text.get_table_entry_name
                0x00000000       0x2c common/built-in.o
 .text.genimg_get_os_name
                0x00000000       0x18 common/built-in.o
 .text.genimg_get_arch_name
                0x00000000       0x18 common/built-in.o
 .text.genimg_get_type_name
                0x00000000       0x18 common/built-in.o
 .text.genimg_get_comp_name
                0x00000000       0x18 common/built-in.o
 .text.image_print_contents
                0x00000000      0x16c common/built-in.o
 .text.get_table_entry_id
                0x00000000       0x50 common/built-in.o
 .text.genimg_get_os_id
                0x00000000       0x18 common/built-in.o
 .text.genimg_get_arch_id
                0x00000000       0x18 common/built-in.o
 .text.genimg_get_type_id
                0x00000000       0x18 common/built-in.o
 .text.genimg_get_comp_id
                0x00000000       0x18 common/built-in.o
 .text.genimg_get_format
                0x00000000       0x38 common/built-in.o
 .text.genimg_get_image
                0x00000000        0x4 common/built-in.o
 .text.genimg_has_config
                0x00000000       0x10 common/built-in.o
 .text.boot_get_ramdisk
                0x00000000      0x2f0 common/built-in.o
 .text.boot_ramdisk_high
                0x00000000      0x11c common/built-in.o
 .text.image_setup_linux
                0x00000000       0x8c common/built-in.o
 .text.fdt_error
                0x00000000       0x2c common/built-in.o
 .text.boot_fdt_add_mem_rsv_regions
                0x00000000       0x88 common/built-in.o
 .text.boot_relocate_fdt
                0x00000000      0x194 common/built-in.o
 .text.boot_get_fdt
                0x00000000      0x384 common/built-in.o
 .text.ft_verify_fdt
                0x00000000        0x8 common/built-in.o
 .text.arch_fixup_memory_node
                0x00000000        0x8 common/built-in.o
 .text.image_setup_libfdt
                0x00000000       0xd0 common/built-in.o
 .text.fit_parse_conf
                0x00000000       0x64 common/built-in.o
 .text.fit_parse_subimage
                0x00000000       0x64 common/built-in.o
 .text.fit_get_desc
                0x00000000       0x30 common/built-in.o
 .text.fit_get_timestamp
                0x00000000       0x54 common/built-in.o
 .text.fit_image_get_node
                0x00000000       0x30 common/built-in.o
 .text.fit_image_get_os
                0x00000000       0x3c common/built-in.o
 .text.fit_image_get_arch
                0x00000000       0x3c common/built-in.o
 .text.fit_image_get_type
                0x00000000       0x3c common/built-in.o
 .text.fit_image_get_comp
                0x00000000       0x3c common/built-in.o
 .text.fit_image_get_load
                0x00000000       0x38 common/built-in.o
 .text.fit_image_get_entry
                0x00000000       0x38 common/built-in.o
 .text.fit_image_get_data
                0x00000000       0x40 common/built-in.o
 .text.fit_image_hash_get_algo
                0x00000000       0x30 common/built-in.o
 .text.fit_image_hash_get_value
                0x00000000       0x40 common/built-in.o
 .text.fit_set_timestamp
                0x00000000       0x80 common/built-in.o
 .text.calculate_hash
                0x00000000        0x8 common/built-in.o
 .text.fit_image_verify
                0x00000000      0x1ac common/built-in.o
 .text.fit_all_image_verify
                0x00000000       0xe4 common/built-in.o
 .text.fit_image_check_os
                0x00000000       0x34 common/built-in.o
 .text.fit_image_check_arch
                0x00000000       0x34 common/built-in.o
 .text.fit_image_check_type
                0x00000000       0x34 common/built-in.o
 .text.fit_image_check_comp
                0x00000000       0x34 common/built-in.o
 .text.fit_check_format
                0x00000000       0x40 common/built-in.o
 .text.fit_conf_find_compat
                0x00000000      0x1a4 common/built-in.o
 .text.fit_conf_get_node
                0x00000000       0x68 common/built-in.o
 .text.fit_conf_get_prop_node
                0x00000000       0x2c common/built-in.o
 .text.fit_conf_print
                0x00000000      0x108 common/built-in.o
 .text.fit_image_select
                0x00000000       0x6c common/built-in.o
 .text.fit_get_node_from_config
                0x00000000       0x44 common/built-in.o
 .text.fit_image_load
                0x00000000      0x3c0 common/built-in.o
 .text.get_ram_size
                0x00000000       0xfc common/built-in.o
 .text.get_effective_memsize
                0x00000000        0x8 common/built-in.o
 .text.stdio_get_list
                0x00000000        0xc common/built-in.o
 .text.stdio_get_by_name
                0x00000000       0x4c common/built-in.o
 .text.stdio_clone
                0x00000000       0x40 common/built-in.o
 .text.stdio_register
                0x00000000       0x3c common/built-in.o
 .text.stdio_init
                0x00000000       0x90 common/built-in.o
 .rodata.str1.1
                0x00000000     0x1125 common/built-in.o
 .rodata.default_environment
                0x00000000     0x1193 common/built-in.o
 .rodata.__func__.7228
                0x00000000       0x10 common/built-in.o
 .rodata.__func__.7244
                0x00000000        0xb common/built-in.o
 .rodata.__func__.7251
                0x00000000        0xb common/built-in.o
 .rodata.uimage_comp
                0x00000000       0x48 common/built-in.o
 .rodata.uimage_os
                0x00000000       0x78 common/built-in.o
 .rodata.uimage_arch
                0x00000000      0x120 common/built-in.o
 .rodata.uimage_type
                0x00000000       0xf0 common/built-in.o
 .rodata.CSWTCH.70
                0x00000000       0x1c common/built-in.o
 .data          0x00000000        0x0 common/built-in.o
 .data.env_name_spec
                0x00000000        0x4 common/built-in.o
 .data.env_id   0x00000000        0x4 common/built-in.o
 .data.env_htab
                0x00000000       0x10 common/built-in.o
 .data.mmap_threshold
                0x00000000        0x4 common/built-in.o
 .data.stdio_names
                0x00000000        0xc common/built-in.o
 .bss           0x00000000        0x0 common/built-in.o
 .bss.env_flash
                0x00000000        0x4 common/built-in.o
 .bss.n_mmaps_max
                0x00000000        0x4 common/built-in.o
 .bss.save_addr
                0x00000000        0x4 common/built-in.o
 .bss.load_addr
                0x00000000        0x4 common/built-in.o
 .bss.save_size
                0x00000000        0x4 common/built-in.o
 .bss.devs      0x00000000       0x3c common/built-in.o
 .text          0x00000000        0x0 disk/built-in.o
 .text.get_dev_hwpart
                0x00000000       0xa4 disk/built-in.o
 .text.get_dev  0x00000000        0x8 disk/built-in.o
 .text.dev_print
                0x00000000      0x218 disk/built-in.o
 .text.print_part
                0x00000000       0xf8 disk/built-in.o
 .text.get_device
                0x00000000      0x118 disk/built-in.o
 .text.get_device_and_partition
                0x00000000      0x458 disk/built-in.o
 .text.print_partition_extended
                0x00000000      0x25c disk/built-in.o
 .text.print_part_dos
                0x00000000       0x34 disk/built-in.o
 .rodata.block_drvr
                0x00000000       0x24 disk/built-in.o
 .data          0x00000000        0x0 disk/built-in.o
 .bss           0x00000000        0x0 disk/built-in.o
 .text          0x00000000        0x0 drivers/mmc/built-in.o
 .text.board_mmc_getwp
                0x00000000        0x8 drivers/mmc/built-in.o
 .text.mmc_getwp
                0x00000000       0x3c drivers/mmc/built-in.o
 .text.mmc_switch_part
                0x00000000       0x4c drivers/mmc/built-in.o
 .text.mmc_select_hwpart
                0x00000000       0x6c drivers/mmc/built-in.o
 .text.mmc_register
                0x00000000       0x20 drivers/mmc/built-in.o
 .text.mmc_destroy
                0x00000000        0x4 drivers/mmc/built-in.o
 .text.mmc_get_dev
                0x00000000       0x2c drivers/mmc/built-in.o
 .text.mmc_set_dsr
                0x00000000        0xc drivers/mmc/built-in.o
 .text.print_mmc_devices
                0x00000000       0x6c drivers/mmc/built-in.o
 .text.get_mmc_num
                0x00000000       0x10 drivers/mmc/built-in.o
 .text.mmc_set_preinit
                0x00000000        0x8 drivers/mmc/built-in.o
 .rodata.__func__.7493
                0x00000000        0xd drivers/mmc/built-in.o
 .data          0x00000000        0x0 drivers/mmc/built-in.o
 .bss           0x00000000        0x0 drivers/mmc/built-in.o
 .text          0x00000000        0x0 drivers/serial/built-in.o
 .text.serial_null
                0x00000000        0x4 drivers/serial/built-in.o
 .text.serial_register
                0x00000000       0x18 drivers/serial/built-in.o
 .text.serial_stdio_init
                0x00000000       0x8c drivers/serial/built-in.o
 .text.serial_assign
                0x00000000       0x4c drivers/serial/built-in.o
 .text.serial_initialize
                0x00000000       0xd0 drivers/serial/built-in.o
 .text.serial_reinit_all
                0x00000000       0x2c drivers/serial/built-in.o
 .text.serial_setbrg
                0x00000000       0x14 drivers/serial/built-in.o
 .text.serial_putc
                0x00000000       0x1c drivers/serial/built-in.o
 .text.default_serial_puts
                0x00000000       0x30 drivers/serial/built-in.o
 .text.uart_zynq0_putc
                0x00000000        0x8 drivers/serial/built-in.o
 .text.uart_zynq0_init
                0x00000000       0x28 drivers/serial/built-in.o
 .text.uart_zynq0_setbrg
                0x00000000        0x8 drivers/serial/built-in.o
 .text.uart_zynq0_tstc
                0x00000000       0x14 drivers/serial/built-in.o
 .text.uart_zynq0_getc
                0x00000000       0x1c drivers/serial/built-in.o
 .text.uart_zynq0_puts
                0x00000000       0x24 drivers/serial/built-in.o
 .text.zynq_serial_initialize
                0x00000000       0x20 drivers/serial/built-in.o
 .data          0x00000000        0x0 drivers/serial/built-in.o
 .data.uart_zynq_serial0_device
                0x00000000       0x30 drivers/serial/built-in.o
 .bss           0x00000000        0x0 drivers/serial/built-in.o
 .bss.serial_devices
                0x00000000        0x4 drivers/serial/built-in.o
 .text          0x00000000        0x0 drivers/mtd/spi/built-in.o
 .text.spi_flash_free
                0x00000000       0x1c drivers/mtd/spi/built-in.o
 .text.spi_flash_cmd_write_status
                0x00000000       0x2c drivers/mtd/spi/built-in.o
 .data          0x00000000        0x0 drivers/mtd/spi/built-in.o
 .bss           0x00000000        0x0 drivers/mtd/spi/built-in.o
 .text          0x00000000        0x0 drivers/spi/built-in.o
 .text.spi_set_wordlen
                0x00000000       0x30 drivers/spi/built-in.o
 .text.spi_cs_is_valid
                0x00000000       0x14 drivers/spi/built-in.o
 .text.spi_cs_activate
                0x00000000        0x4 drivers/spi/built-in.o
 .text.spi_cs_deactivate
                0x00000000        0x4 drivers/spi/built-in.o
 .text.spi_init
                0x00000000        0x4 drivers/spi/built-in.o
 .data          0x00000000        0x0 drivers/spi/built-in.o
 .bss           0x00000000        0x0 drivers/spi/built-in.o
 .text          0x00000000        0x0 fs/built-in.o
 .text.check_overflow
                0x00000000       0x74 fs/built-in.o
 .text.disk_write
                0x00000000       0x80 fs/built-in.o
 .text.flush_fat_buffer
                0x00000000       0x80 fs/built-in.o
 .text.set_fatent_value
                0x00000000      0x100 fs/built-in.o
 .text.get_fatent_value
                0x00000000      0x1c8 fs/built-in.o
 .text.set_cluster
                0x00000000       0xc8 fs/built-in.o
 .text.set_contents
                0x00000000      0x1e8 fs/built-in.o
 .text.set_name
                0x00000000      0x134 fs/built-in.o
 .text.flush_dir_table.constprop.7
                0x00000000       0xe0 fs/built-in.o
 .text.do_fat_write
                0x00000000      0xa5c fs/built-in.o
 .text.do_fat_read
                0x00000000       0x2c fs/built-in.o
 .text.file_fat_detectfs
                0x00000000      0x148 fs/built-in.o
 .text.file_fat_ls
                0x00000000       0x10 fs/built-in.o
 .text.fat_exists
                0x00000000       0x2c fs/built-in.o
 .text.fat_read_file
                0x00000000       0x3c fs/built-in.o
 .text.fat_close
                0x00000000        0x4 fs/built-in.o
 .text.file_fat_write
                0x00000000       0x34 fs/built-in.o
 .data          0x00000000        0x0 fs/built-in.o
 .bss           0x00000000        0x0 fs/built-in.o
 .bss.empty_dentptr
                0x00000000        0x4 fs/built-in.o
 .bss.total_sector
                0x00000000        0x4 fs/built-in.o
 .bss.dir_curclust
                0x00000000        0x4 fs/built-in.o
 .bss.num_of_fats
                0x00000000        0x1 fs/built-in.o
 .text          0x00000000        0x0 drivers/fpga/built-in.o
 .text.fpga_dev_info
                0x00000000       0x9c drivers/fpga/built-in.o
 .text.fpga_count
                0x00000000       0x10 drivers/fpga/built-in.o
 .text.fpga_loadbitstream
                0x00000000      0x274 drivers/fpga/built-in.o
 .text.fpga_fsload
                0x00000000       0x60 drivers/fpga/built-in.o
 .text.fpga_dump
                0x00000000       0x8c drivers/fpga/built-in.o
 .text.fpga_info
                0x00000000       0x74 drivers/fpga/built-in.o
 .text.xilinx_loadfs
                0x00000000       0x78 drivers/fpga/built-in.o
 .text.xilinx_dump
                0x00000000       0x78 drivers/fpga/built-in.o
 .text.xilinx_info
                0x00000000      0x1c8 drivers/fpga/built-in.o
 .rodata.__func__.7390
                0x00000000        0xa drivers/fpga/built-in.o
 .rodata.__func__.7332
                0x00000000        0xe drivers/fpga/built-in.o
 .rodata.__func__.7403
                0x00000000        0xa drivers/fpga/built-in.o
 .rodata.__func__.7365
                0x00000000        0xc drivers/fpga/built-in.o
 .rodata.__func__.7268
                0x00000000        0xe drivers/fpga/built-in.o
 .rodata.__func__.7275
                0x00000000        0xc drivers/fpga/built-in.o
 .rodata.__func__.7241
                0x00000000       0x13 drivers/fpga/built-in.o
 .rodata.__FUNCTION__.7274
                0x00000000        0xc drivers/fpga/built-in.o
 .rodata.__FUNCTION__.7280
                0x00000000        0xc drivers/fpga/built-in.o
 .data          0x00000000        0x0 drivers/fpga/built-in.o
 .bss           0x00000000        0x0 drivers/fpga/built-in.o
 .text          0x00000000        0x0 lib/built-in.o
 .text._hdelete.isra.1
                0x00000000       0x50 lib/built-in.o
 .text.drop_var_from_set.part.2
                0x00000000       0x50 lib/built-in.o
 .text.hcreate_r
                0x00000000       0xac lib/built-in.o
 .text.hdestroy_r
                0x00000000       0x74 lib/built-in.o
 .text.hmatch_r
                0x00000000       0xa0 lib/built-in.o
 .text.hsearch_r
                0x00000000      0x49c lib/built-in.o
 .text.hdelete_r
                0x00000000       0xd4 lib/built-in.o
 .text.himport_r
                0x00000000      0x358 lib/built-in.o
 .text.hwalk_r  0x00000000       0x58 lib/built-in.o
 .text.display_options
                0x00000000       0x20 lib/built-in.o
 .text.print_size
                0x00000000      0x134 lib/built-in.o
 .text.print_buffer
                0x00000000      0x1c0 lib/built-in.o
 .text.crc32_no_comp
                0x00000000       0xd8 lib/built-in.o
 .text.crc32    0x00000000       0x14 lib/built-in.o
 .text.crc32_wd
                0x00000000        0x4 lib/built-in.o
 .text.crc32_wd_buf
                0x00000000       0x40 lib/built-in.o
 .text.skip_spaces
                0x00000000       0x28 lib/built-in.o
 .text.strim    0x00000000       0x60 lib/built-in.o
 .text.strncasecmp
                0x00000000       0x80 lib/built-in.o
 .text.strcasecmp
                0x00000000        0x8 lib/built-in.o
 .text.strncpy  0x00000000       0x24 lib/built-in.o
 .text.strcat   0x00000000       0x30 lib/built-in.o
 .text.strncat  0x00000000       0x54 lib/built-in.o
 .text.strchr   0x00000000       0x2c lib/built-in.o
 .text.strlen   0x00000000       0x20 lib/built-in.o
 .text.strrchr  0x00000000       0x3c lib/built-in.o
 .text.strdup   0x00000000       0x3c lib/built-in.o
 .text.strspn   0x00000000       0x3c lib/built-in.o
 .text.strpbrk  0x00000000       0x3c lib/built-in.o
 .text.strtok   0x00000000       0x88 lib/built-in.o
 .text.strsep   0x00000000       0x38 lib/built-in.o
 .text.strswab  0x00000000       0x48 lib/built-in.o
 .text.bcopy    0x00000000       0x20 lib/built-in.o
 .text.memmove  0x00000000       0x54 lib/built-in.o
 .text.memscan  0x00000000       0x2c lib/built-in.o
 .text.strstr   0x00000000       0x68 lib/built-in.o
 .text.memchr   0x00000000       0x30 lib/built-in.o
 .text.memchr_inv
                0x00000000      0x13c lib/built-in.o
 .text.tick_to_time
                0x00000000       0x64 lib/built-in.o
 .text.get_ticks
                0x00000000       0x3c lib/built-in.o
 .text.timer_init
                0x00000000        0x8 lib/built-in.o
 .text.get_timer
                0x00000000       0x18 lib/built-in.o
 .text.timer_get_us
                0x00000000       0x24 lib/built-in.o
 .text.__udelay
                0x00000000       0x7c lib/built-in.o
 .text.mdelay   0x00000000       0x24 lib/built-in.o
 .text.simple_strtoul
                0x00000000       0xb8 lib/built-in.o
 .text.strict_strtoul
                0x00000000       0x7c lib/built-in.o
 .text.simple_strtol
                0x00000000       0x28 lib/built-in.o
 .text.ustrtoul
                0x00000000       0x70 lib/built-in.o
 .text.simple_strtoull
                0x00000000       0xdc lib/built-in.o
 .text.ustrtoull
                0x00000000       0x88 lib/built-in.o
 .text.panic    0x00000000       0x44 lib/built-in.o
 .text.__assert_fail
                0x00000000       0x14 lib/built-in.o
 .text.simple_itoa
                0x00000000       0x54 lib/built-in.o
 .text.print_grouped_ull
                0x00000000       0x88 lib/built-in.o
 .rodata.names.7141
                0x00000000        0x6 lib/built-in.o
 .rodata.crc_table
                0x00000000      0x400 lib/built-in.o
 .data          0x00000000        0x0 lib/built-in.o
 .bss           0x00000000        0x0 lib/built-in.o
 .bss.errno     0x00000000        0x4 lib/built-in.o
 .bss.___strtok
                0x00000000        0x4 lib/built-in.o
 .bss.local.7288
                0x00000000       0x16 lib/built-in.o
 .text          0x00000000        0x0 arch/arm/lib/eabi_compat.o
 .data          0x00000000        0x0 arch/arm/lib/eabi_compat.o
 .bss           0x00000000        0x0 arch/arm/lib/eabi_compat.o
 .text.__aeabi_unwind_cpp_pr0
                0x00000000        0x4 arch/arm/lib/eabi_compat.o
 .text.__aeabi_unwind_cpp_pr1
                0x00000000        0x4 arch/arm/lib/eabi_compat.o
 .data          0x00000000        0x0 /home/merong/Zynq-7000/Xilinx/SDK/2014.4/gnu/arm/lin/bin/../lib/gcc/arm-xilinx-linux-gnueabi/4.8.3/libgcc.a(_udivsi3.o)
 .bss           0x00000000        0x0 /home/merong/Zynq-7000/Xilinx/SDK/2014.4/gnu/arm/lin/bin/../lib/gcc/arm-xilinx-linux-gnueabi/4.8.3/libgcc.a(_udivsi3.o)
 .text          0x00000000      0x240 /home/merong/Zynq-7000/Xilinx/SDK/2014.4/gnu/arm/lin/bin/../lib/gcc/arm-xilinx-linux-gnueabi/4.8.3/libgcc.a(_divsi3.o)
 .data          0x00000000        0x0 /home/merong/Zynq-7000/Xilinx/SDK/2014.4/gnu/arm/lin/bin/../lib/gcc/arm-xilinx-linux-gnueabi/4.8.3/libgcc.a(_divsi3.o)
 .bss           0x00000000        0x0 /home/merong/Zynq-7000/Xilinx/SDK/2014.4/gnu/arm/lin/bin/../lib/gcc/arm-xilinx-linux-gnueabi/4.8.3/libgcc.a(_divsi3.o)
 .note.GNU-stack
                0x00000000        0x0 /home/merong/Zynq-7000/Xilinx/SDK/2014.4/gnu/arm/lin/bin/../lib/gcc/arm-xilinx-linux-gnueabi/4.8.3/libgcc.a(_divsi3.o)
 .debug_frame   0x00000000       0x20 /home/merong/Zynq-7000/Xilinx/SDK/2014.4/gnu/arm/lin/bin/../lib/gcc/arm-xilinx-linux-gnueabi/4.8.3/libgcc.a(_divsi3.o)
 .ARM.attributes
                0x00000000       0x25 /home/merong/Zynq-7000/Xilinx/SDK/2014.4/gnu/arm/lin/bin/../lib/gcc/arm-xilinx-linux-gnueabi/4.8.3/libgcc.a(_divsi3.o)
 .data          0x00000000        0x0 /home/merong/Zynq-7000/Xilinx/SDK/2014.4/gnu/arm/lin/bin/../lib/gcc/arm-xilinx-linux-gnueabi/4.8.3/libgcc.a(_lshrdi3.o)
 .bss           0x00000000        0x0 /home/merong/Zynq-7000/Xilinx/SDK/2014.4/gnu/arm/lin/bin/../lib/gcc/arm-xilinx-linux-gnueabi/4.8.3/libgcc.a(_lshrdi3.o)
 .data          0x00000000        0x0 /home/merong/Zynq-7000/Xilinx/SDK/2014.4/gnu/arm/lin/bin/../lib/gcc/arm-xilinx-linux-gnueabi/4.8.3/libgcc.a(_ashldi3.o)
 .bss           0x00000000        0x0 /home/merong/Zynq-7000/Xilinx/SDK/2014.4/gnu/arm/lin/bin/../lib/gcc/arm-xilinx-linux-gnueabi/4.8.3/libgcc.a(_ashldi3.o)
 .data          0x00000000        0x0 /home/merong/Zynq-7000/Xilinx/SDK/2014.4/gnu/arm/lin/bin/../lib/gcc/arm-xilinx-linux-gnueabi/4.8.3/libgcc.a(_dvmd_lnx.o)
 .bss           0x00000000        0x0 /home/merong/Zynq-7000/Xilinx/SDK/2014.4/gnu/arm/lin/bin/../lib/gcc/arm-xilinx-linux-gnueabi/4.8.3/libgcc.a(_dvmd_lnx.o)

Memory Configuration

Name             Origin             Length             Attributes
*default*        0x00000000         0xffffffff

Linker script and memory map

                0x00000000                . = 0x0
                0x00000000                . = ALIGN (0x4)

.text           0x00000000     0x821c
                0x00000000                __image_copy_start = .
 *(.vectors)
 .vectors       0x00000000       0x60 arch/arm/lib/built-in.o
                0x00000000                _start
                0x00000024                _undefined_instruction
                0x00000028                _software_interrupt
                0x0000002c                _prefetch_abort
                0x00000030                _data_abort
                0x00000034                _not_used
                0x00000038                _irq
                0x0000003c                _fiq
 arch/arm/cpu/armv7/start.o(.text*)
 .text          0x00000060       0xe4 arch/arm/cpu/armv7/start.o
                0x00000060                reset
                0x000000e8                c_runtime_cpu_setup
                0x00000100                save_boot_params
                0x00000104                cpu_init_cp15
                0x0000013c                cpu_init_crit
 *(.text*)
 .text          0x00000144       0x20 arch/arm/lib/built-in.o
                0x00000144                _main
 .text.jump_to_image_linux
                0x00000164       0x28 arch/arm/lib/built-in.o
                0x00000164                jump_to_image_linux
 .text.cp_delay
                0x0000018c       0x30 arch/arm/lib/built-in.o
 .text.icache_disable
                0x000001bc       0x1c arch/arm/lib/built-in.o
                0x000001bc                icache_disable
 .text.dcache_disable
                0x000001d8        0x4 arch/arm/lib/built-in.o
                0x000001d8                dcache_disable
 .text.invalidate_dcache_all
                0x000001dc        0x4 arch/arm/cpu/armv7/built-in.o
                0x000001dc                invalidate_dcache_all
 .text.flush_dcache_range
                0x000001e0        0x4 arch/arm/cpu/armv7/built-in.o
                0x000001e0                flush_dcache_range
 .text.invalidate_icache_all
                0x000001e4       0x18 arch/arm/cpu/armv7/built-in.o
                0x000001e4                invalidate_icache_all
 .text.v7_outer_cache_disable
                0x000001fc        0x4 arch/arm/cpu/armv7/built-in.o
                0x000001fc                v7_outer_cache_disable
 .text.cpu_cache_initialization
                0x00000200        0x4 arch/arm/cpu/armv7/built-in.o
                0x00000200                cpu_cache_initialization
 .text.cleanup_before_linux
                0x00000204       0x24 arch/arm/cpu/armv7/built-in.o
                0x00000204                cleanup_before_linux
 .text          0x00000228       0x24 arch/arm/cpu/armv7/zynq/built-in.o
                0x00000228                lowlevel_init
 .text.timer_init
                0x0000024c       0x60 arch/arm/cpu/armv7/zynq/built-in.o
                0x0000024c                timer_init
 .text.get_timer_masked
                0x000002ac       0x50 arch/arm/cpu/armv7/zynq/built-in.o
                0x000002ac                get_timer_masked
 .text.__udelay
                0x000002fc       0x90 arch/arm/cpu/armv7/zynq/built-in.o
                0x000002fc                __udelay
 .text.get_timer
                0x0000038c       0x14 arch/arm/cpu/armv7/zynq/built-in.o
                0x0000038c                get_timer
 .text.arch_cpu_init
                0x000003a0       0x18 arch/arm/cpu/armv7/zynq/built-in.o
                0x000003a0                arch_cpu_init
 .text.zynq_slcr_lock
                0x000003b8       0x2c arch/arm/cpu/armv7/zynq/built-in.o
                0x000003b8                zynq_slcr_lock
 .text.zynq_slcr_unlock
                0x000003e4       0x2c arch/arm/cpu/armv7/zynq/built-in.o
                0x000003e4                zynq_slcr_unlock
 .text.zynq_slcr_devcfg_disable
                0x00000410       0x24 arch/arm/cpu/armv7/zynq/built-in.o
                0x00000410                zynq_slcr_devcfg_disable
 .text.zynq_slcr_devcfg_enable
                0x00000434       0x24 arch/arm/cpu/armv7/zynq/built-in.o
                0x00000434                zynq_slcr_devcfg_enable
 .text.zynq_slcr_get_boot_mode
                0x00000458        0xc arch/arm/cpu/armv7/zynq/built-in.o
                0x00000458                zynq_slcr_get_boot_mode
 .text.zynq_slcr_get_idcode
                0x00000464       0x10 arch/arm/cpu/armv7/zynq/built-in.o
                0x00000464                zynq_slcr_get_idcode
 .text.zynq_slcr_get_mio_pin_status
                0x00000474       0x90 arch/arm/cpu/armv7/zynq/built-in.o
                0x00000474                zynq_slcr_get_mio_pin_status
 .text.__zynq_clk_pll_get_rate
                0x00000504       0x20 arch/arm/cpu/armv7/zynq/built-in.o
 .text.zynq_clk_early_init
                0x00000524       0x58 arch/arm/cpu/armv7/zynq/built-in.o
                0x00000524                zynq_clk_early_init
 .text.get_uart_clk
                0x0000057c       0x50 arch/arm/cpu/armv7/zynq/built-in.o
                0x0000057c                get_uart_clk
 .text.zynq_clk_get_rate
                0x000005cc       0x20 arch/arm/cpu/armv7/zynq/built-in.o
                0x000005cc                zynq_clk_get_rate
 .text.spl_board_init
                0x000005ec        0x4 arch/arm/cpu/armv7/zynq/built-in.o
                0x000005ec                spl_board_init
 .text.spl_boot_device
                0x000005f0       0x80 arch/arm/cpu/armv7/zynq/built-in.o
                0x000005f0                spl_boot_device
 .text.spl_boot_mode
                0x00000670        0x8 arch/arm/cpu/armv7/zynq/built-in.o
                0x00000670                spl_boot_mode
 .text.spl_start_uboot
                0x00000678        0x8 arch/arm/cpu/armv7/zynq/built-in.o
                0x00000678                spl_start_uboot
 .text.ps7_init
                0x00000680        0x4 arch/arm/cpu/armv7/zynq/built-in.o
                0x00000680                ps7_init
 .text.board_init_f
                0x00000684       0x40 arch/arm/cpu/armv7/zynq/built-in.o
                0x00000684                board_init_f
 .text.board_init
                0x000006c4       0xd4 board/xilinx/zynq/built-in.o
                0x000006c4                board_init
 .text.board_mmc_init
                0x00000798        0xc board/xilinx/zynq/built-in.o
                0x00000798                board_mmc_init
 .text.spl_board_prepare_for_linux
                0x000007a4        0x4 common/spl/built-in.o
                0x000007a4                spl_board_prepare_for_linux
 .text.spl_parse_image_header
                0x000007a8       0xac common/spl/built-in.o
                0x000007a8                spl_parse_image_header
 .text.jump_to_image_no_args
                0x00000854        0xc common/spl/built-in.o
                0x00000854                jump_to_image_no_args
 .text.board_init_r
                0x00000860       0x6c common/spl/built-in.o
                0x00000860                board_init_r
 .text.preloader_console_init
                0x000008cc       0x38 common/spl/built-in.o
                0x000008cc                preloader_console_init
 .text.mmc_load_image_raw
                0x00000904       0xb4 common/spl/built-in.o
 .text.spl_mmc_load_image
                0x000009b8      0x160 common/spl/built-in.o
                0x000009b8                spl_mmc_load_image
 .text.spl_register_fat_device.part.0
                0x00000b18       0x3c common/spl/built-in.o
 .text.spl_load_image_fat
                0x00000b54       0xa0 common/spl/built-in.o
                0x00000b54                spl_load_image_fat
 .text.spl_load_image_fat_os
                0x00000bf4       0x84 common/spl/built-in.o
                0x00000bf4                spl_load_image_fat_os
 .text.fgetc    0x00000c78       0x2c common/built-in.o
                0x00000c78                fgetc
 .text.ftstc    0x00000ca4       0x2c common/built-in.o
                0x00000ca4                ftstc
 .text.getc     0x00000cd0       0x24 common/built-in.o
                0x00000cd0                getc
 .text.tstc     0x00000cf4       0x24 common/built-in.o
                0x00000cf4                tstc
 .text.puts     0x00000d18       0x3c common/built-in.o
                0x00000d18                puts
 .text.printf   0x00000d54       0x58 common/built-in.o
                0x00000d54                printf
 .text.ctrlc    0x00000dac       0x58 common/built-in.o
                0x00000dac                ctrlc
 .text.sbrk     0x00000e04       0x70 common/built-in.o
                0x00000e04                sbrk
 .text.mem_malloc_init
                0x00000e74       0x34 common/built-in.o
                0x00000e74                mem_malloc_init
 .text.malloc_trim
                0x00000ea8       0xcc common/built-in.o
                0x00000ea8                malloc_trim
 .text.free     0x00000f74      0x230 common/built-in.o
                0x00000f74                free
 .text.malloc   0x000011a4      0x5dc common/built-in.o
                0x000011a4                malloc
 .text.calloc   0x00001780       0xdc common/built-in.o
                0x00001780                calloc
 .text.memalign
                0x0000185c      0x10c common/built-in.o
                0x0000185c                memalign
 .text.init_part
                0x00001968       0x20 disk/built-in.o
                0x00001968                init_part
 .text.get_partition_info
                0x00001988       0x28 disk/built-in.o
                0x00001988                get_partition_info
 .text.test_block_type
                0x000019b0       0x7c disk/built-in.o
 .text.get_partition_info_extended.constprop.2
                0x00001a2c      0x2e8 disk/built-in.o
 .text.test_part_dos
                0x00001d14       0x60 disk/built-in.o
                0x00001d14                test_part_dos
 .text.get_partition_info_dos
                0x00001d74       0x20 disk/built-in.o
                0x00001d74                get_partition_info_dos
 .text.mmc_berase
                0x00001d94        0x8 drivers/mmc/built-in.o
 .text.mmc_bwrite
                0x00001d9c        0x8 drivers/mmc/built-in.o
 .text.mmc_set_ios
                0x00001da4       0x20 drivers/mmc/built-in.o
 .text.mmc_set_capacity
                0x00001dc4       0xac drivers/mmc/built-in.o
 .text.__board_mmc_getcd
                0x00001e70        0x8 drivers/mmc/built-in.o
                0x00001e70                __board_mmc_getcd
                0x00001e70                board_mmc_getcd
 .text.mmc_send_cmd
                0x00001e78       0x18 drivers/mmc/built-in.o
                0x00001e78                mmc_send_cmd
 .text.mmc_go_idle
                0x00001e90       0x4c drivers/mmc/built-in.o
 .text.mmc_send_op_cond_iter
                0x00001edc       0x84 drivers/mmc/built-in.o
 .text.mmc_send_ext_csd
                0x00001f60       0x4c drivers/mmc/built-in.o
 .text.mmc_send_status
                0x00001fac       0xcc drivers/mmc/built-in.o
                0x00001fac                mmc_send_status
 .text.mmc_switch.isra.1
                0x00002078       0x54 drivers/mmc/built-in.o
 .text.mmc_set_blocklen
                0x000020cc       0x3c drivers/mmc/built-in.o
                0x000020cc                mmc_set_blocklen
 .text.find_mmc_device
                0x00002108       0x4c drivers/mmc/built-in.o
                0x00002108                find_mmc_device
 .text.mmc_bread
                0x00002154      0x13c drivers/mmc/built-in.o
 .text.mmc_send_op_cond
                0x00002290       0x74 drivers/mmc/built-in.o
                0x00002290                mmc_send_op_cond
 .text.mmc_complete_op_cond
                0x00002304       0x8c drivers/mmc/built-in.o
                0x00002304                mmc_complete_op_cond
 .text.mmc_getcd
                0x00002390       0x3c drivers/mmc/built-in.o
                0x00002390                mmc_getcd
 .text.mmc_set_clock
                0x000023cc       0x24 drivers/mmc/built-in.o
                0x000023cc                mmc_set_clock
 .text.mmc_startup
                0x000023f0      0xb88 drivers/mmc/built-in.o
 .text.mmc_create
                0x00002f78       0xfc drivers/mmc/built-in.o
                0x00002f78                mmc_create
 .text.mmc_start_init
                0x00003074      0x224 drivers/mmc/built-in.o
                0x00003074                mmc_start_init
 .text.mmc_init
                0x00003298       0x8c drivers/mmc/built-in.o
                0x00003298                mmc_init
 .text.__def_mmc_init
                0x00003324        0x8 drivers/mmc/built-in.o
                0x00003324                cpu_mmc_init
 .text.mmc_initialize
                0x0000332c       0x70 drivers/mmc/built-in.o
                0x0000332c                mmc_initialize
 .text.sdhci_set_ios
                0x0000339c      0x1d4 drivers/mmc/built-in.o
                0x0000339c                sdhci_set_ios
 .text.sdhci_init
                0x00003570      0x198 drivers/mmc/built-in.o
                0x00003570                sdhci_init
 .text.sdhci_reset
                0x00003708       0x60 drivers/mmc/built-in.o
 .text.sdhci_send_command
                0x00003768      0x3d4 drivers/mmc/built-in.o
                0x00003768                sdhci_send_command
 .text.add_sdhci
                0x00003b3c      0x160 drivers/mmc/built-in.o
                0x00003b3c                add_sdhci
 .text.zynq_sdhci_init
                0x00003c9c       0x70 drivers/mmc/built-in.o
                0x00003c9c                zynq_sdhci_init
 .text.get_current
                0x00003d0c       0x44 drivers/serial/built-in.o
 .text.serial_init
                0x00003d50       0x14 drivers/serial/built-in.o
                0x00003d50                serial_init
 .text.serial_getc
                0x00003d64       0x14 drivers/serial/built-in.o
                0x00003d64                serial_getc
 .text.serial_tstc
                0x00003d78       0x14 drivers/serial/built-in.o
                0x00003d78                serial_tstc
 .text.serial_puts
                0x00003d8c       0x1c drivers/serial/built-in.o
                0x00003d8c                serial_puts
 .text.uart_zynq_serial_putc
                0x00003da8       0x40 drivers/serial/built-in.o
 .text.uart_zynq1_tstc
                0x00003de8       0x18 drivers/serial/built-in.o
 .text.uart_zynq1_putc
                0x00003e00        0x8 drivers/serial/built-in.o
 .text.uart_zynq1_puts
                0x00003e08       0x24 drivers/serial/built-in.o
 .text.uart_zynq_serial_setbrg
                0x00003e2c       0xa8 drivers/serial/built-in.o
 .text.uart_zynq1_setbrg
                0x00003ed4        0x8 drivers/serial/built-in.o
 .text.uart_zynq1_getc
                0x00003edc       0x20 drivers/serial/built-in.o
 .text.uart_zynq1_init
                0x00003efc       0x2c drivers/serial/built-in.o
 .text.default_serial_console
                0x00003f28        0xc drivers/serial/built-in.o
                0x00003f28                default_serial_console
 .text.spl_spi_load_image
                0x00003f34       0xec drivers/mtd/spi/built-in.o
                0x00003f34                spl_spi_load_image
 .text.spi_flash_read_write
                0x00004020       0x84 drivers/mtd/spi/built-in.o
 .text.spi_flash_cmd_read
                0x000040a4       0x20 drivers/mtd/spi/built-in.o
                0x000040a4                spi_flash_cmd_read
 .text.spi_flash_cmd
                0x000040c4       0x2c drivers/mtd/spi/built-in.o
                0x000040c4                spi_flash_cmd
 .text.spi_flash_cmd_write
                0x000040f0       0x20 drivers/mtd/spi/built-in.o
                0x000040f0                spi_flash_cmd_write
 .text.spi_flash_set_qeb
                0x00004110       0x6c drivers/mtd/spi/built-in.o
 .text.spi_flash_probe
                0x0000417c      0x410 drivers/mtd/spi/built-in.o
                0x0000417c                spi_flash_probe
 .text.spi_flash_dual_flash
                0x0000458c       0x5c drivers/mtd/spi/built-in.o
 .text.spi_flash_cmd_wait_ready
                0x000045e8       0xe8 drivers/mtd/spi/built-in.o
                0x000045e8                spi_flash_cmd_wait_ready
 .text.spi_flash_write_common
                0x000046d0       0x9c drivers/mtd/spi/built-in.o
                0x000046d0                spi_flash_write_common
 .text.spi_flash_bank
                0x0000476c       0x94 drivers/mtd/spi/built-in.o
 .text.spi_flash_cmd_erase_ops
                0x00004800       0xe0 drivers/mtd/spi/built-in.o
                0x00004800                spi_flash_cmd_erase_ops
 .text.spi_flash_cmd_write_ops
                0x000048e0       0xec drivers/mtd/spi/built-in.o
                0x000048e0                spi_flash_cmd_write_ops
 .text.spi_flash_read_common
                0x000049cc       0x5c drivers/mtd/spi/built-in.o
                0x000049cc                spi_flash_read_common
 .text.spi_flash_cmd_read_status
                0x00004a28       0x2c drivers/mtd/spi/built-in.o
                0x00004a28                spi_flash_cmd_read_status
 .text.spi_flash_cmd_write_config
                0x00004a54       0x4c drivers/mtd/spi/built-in.o
                0x00004a54                spi_flash_cmd_write_config
 .text.spi_flash_cmd_read_config
                0x00004aa0       0x2c drivers/mtd/spi/built-in.o
                0x00004aa0                spi_flash_cmd_read_config
 .text.spi_flash_cmd_read_ops
                0x00004acc      0x1a0 drivers/mtd/spi/built-in.o
                0x00004acc                spi_flash_cmd_read_ops
 .text.spi_do_alloc_slave
                0x00004c6c       0x4c drivers/spi/built-in.o
                0x00004c6c                spi_do_alloc_slave
 .text.zynq_qspi_setup_transfer
                0x00004cb8       0xa8 drivers/spi/built-in.o
 .text.zynq_qspi_fill_tx_fifo
                0x00004d60      0x188 drivers/spi/built-in.o
 .text.spi_setup_slave
                0x00004ee8      0x270 drivers/spi/built-in.o
                0x00004ee8                spi_setup_slave
 .text.spi_free_slave
                0x00005158        0x4 drivers/spi/built-in.o
                0x00005158                spi_free_slave
 .text.spi_claim_bus
                0x0000515c        0x8 drivers/spi/built-in.o
                0x0000515c                spi_claim_bus
 .text.spi_release_bus
                0x00005164        0x4 drivers/spi/built-in.o
                0x00005164                spi_release_bus
 .text.spi_xfer
                0x00005168      0x3b8 drivers/spi/built-in.o
                0x00005168                spi_xfer
 .text.downcase
                0x00005520       0x30 fs/built-in.o
 .text.disk_read
                0x00005550       0x58 fs/built-in.o
 .text.dirdelim
                0x000055a8       0x30 fs/built-in.o
 .text.get_fatent
                0x000055d8      0x154 fs/built-in.o
 .text.mkcksum  0x0000572c       0x54 fs/built-in.o
 .text.get_cluster
                0x00005780      0x178 fs/built-in.o
 .text.get_name
                0x000058f8       0xac fs/built-in.o
 .text.read_bootsectandvi
                0x000059a4      0x124 fs/built-in.o
 .text.slot2str
                0x00005ac8       0xc0 fs/built-in.o
 .text.get_vfatname
                0x00005b88      0x1c0 fs/built-in.o
 .text.fat_set_blk_dev
                0x00005d48       0xd0 fs/built-in.o
                0x00005d48                fat_set_blk_dev
 .text.fat_register_device
                0x00005e18       0x88 fs/built-in.o
                0x00005e18                fat_register_device
 .text.do_fat_read_at
                0x00005ea0      0xb7c fs/built-in.o
                0x00005ea0                do_fat_read_at
 .text.file_fat_read_at
                0x00006a1c       0x4c fs/built-in.o
                0x00006a1c                file_fat_read_at
 .text.file_fat_read
                0x00006a68       0x14 fs/built-in.o
                0x00006a68                file_fat_read
 .text.fpga_no_sup
                0x00006a7c       0x4c drivers/fpga/built-in.o
 .text.fpga_get_desc
                0x00006ac8       0x34 drivers/fpga/built-in.o
                0x00006ac8                fpga_get_desc
 .text.fpga_validate
                0x00006afc       0x54 drivers/fpga/built-in.o
                0x00006afc                fpga_validate
 .text.fpga_init
                0x00006b50       0x20 drivers/fpga/built-in.o
                0x00006b50                fpga_init
 .text.fpga_add
                0x00006b70       0xa0 drivers/fpga/built-in.o
                0x00006b70                fpga_add
 .text.fpga_load
                0x00006c10       0x94 drivers/fpga/built-in.o
                0x00006c10                fpga_load
 .text.zynq_info
                0x00006ca4        0x8 drivers/fpga/built-in.o
 .text.zynq_dump
                0x00006cac        0x8 drivers/fpga/built-in.o
 .text.load_word
                0x00006cb4       0x48 drivers/fpga/built-in.o
 .text.zynq_load
                0x00006cfc      0x3f0 drivers/fpga/built-in.o
 .text.xilinx_validate
                0x000070ec       0x78 drivers/fpga/built-in.o
 .text.xilinx_load
                0x00007164       0x80 drivers/fpga/built-in.o
                0x00007164                xilinx_load
 .text.__div64_32
                0x000071e4       0xd4 lib/built-in.o
                0x000071e4                __div64_32
 .text.hang     0x000072b8       0x14 lib/built-in.o
                0x000072b8                hang
 .text.strcpy   0x000072cc       0x1c lib/built-in.o
                0x000072cc                strcpy
 .text.strcmp   0x000072e8       0x2c lib/built-in.o
                0x000072e8                strcmp
 .text.strncmp  0x00007314       0x40 lib/built-in.o
                0x00007314                strncmp
 .text.strnlen  0x00007354       0x30 lib/built-in.o
                0x00007354                strnlen
 .text.memset   0x00007384       0x60 lib/built-in.o
                0x00007384                memset
 .text.memcpy   0x000073e4       0x60 lib/built-in.o
                0x000073e4                memcpy
 .text.memcmp   0x00007444       0x34 lib/built-in.o
                0x00007444                memcmp
 .text.udelay   0x00007478       0x30 lib/built-in.o
                0x00007478                udelay
 .text.put_dec_trunc
                0x000074a8       0xe0 lib/built-in.o
 .text.put_dec  0x00007588      0x134 lib/built-in.o
 .text.string.isra.0
                0x000076bc       0x90 lib/built-in.o
 .text.number.isra.4
                0x0000774c      0x25c lib/built-in.o
 .text.vsnprintf_internal.isra.6
                0x000079a8      0x5ec lib/built-in.o
 .text.vsprintf
                0x00007f94        0x4 lib/built-in.o
                0x00007f94                vsprintf
 .text.sprintf  0x00007f98       0x28 lib/built-in.o
                0x00007f98                sprintf
 .text.raise    0x00007fc0        0x8 arch/arm/lib/eabi_compat.o
                0x00007fc0                raise
 .text          0x00007fc8      0x20c /home/merong/Zynq-7000/Xilinx/SDK/2014.4/gnu/arm/lin/bin/../lib/gcc/arm-xilinx-linux-gnueabi/4.8.3/libgcc.a(_udivsi3.o)
                0x00007fc8                __udivsi3
                0x00007fc8                __aeabi_uidiv
                0x000081b4                __aeabi_uidivmod
 .text          0x000081d4       0x1c /home/merong/Zynq-7000/Xilinx/SDK/2014.4/gnu/arm/lin/bin/../lib/gcc/arm-xilinx-linux-gnueabi/4.8.3/libgcc.a(_lshrdi3.o)
                0x000081d4                __aeabi_llsr
                0x000081d4                __lshrdi3
 .text          0x000081f0       0x1c /home/merong/Zynq-7000/Xilinx/SDK/2014.4/gnu/arm/lin/bin/../lib/gcc/arm-xilinx-linux-gnueabi/4.8.3/libgcc.a(_ashldi3.o)
                0x000081f0                __ashldi3
                0x000081f0                __aeabi_llsl
 .text          0x0000820c       0x10 /home/merong/Zynq-7000/Xilinx/SDK/2014.4/gnu/arm/lin/bin/../lib/gcc/arm-xilinx-linux-gnueabi/4.8.3/libgcc.a(_dvmd_lnx.o)
                0x0000820c                __aeabi_ldiv0
                0x0000820c                __aeabi_idiv0

.glue_7         0x0000821c        0x0
 .glue_7        0x00000000        0x0 linker stubs

.glue_7t        0x0000821c        0x0
 .glue_7t       0x00000000        0x0 linker stubs

.vfp11_veneer   0x0000821c        0x0
 .vfp11_veneer  0x00000000        0x0 linker stubs

.v4_bx          0x0000821c        0x0
 .v4_bx         0x00000000        0x0 linker stubs

.iplt           0x0000821c        0x0
 .iplt          0x00000000        0x0 arch/arm/cpu/armv7/start.o
                0x0000821c                . = ALIGN (0x4)

.rodata         0x0000821c     0x24c8
 *(SORT(.rodata*))
 .rodata.CSWTCH.35
                0x0000821c        0xc arch/arm/cpu/armv7/zynq/built-in.o
 .rodata.bin_format
                0x00008228       0x34 drivers/fpga/built-in.o
 .rodata.ext_csd_bits.7477
                0x0000825c       0x14 drivers/mmc/built-in.o
 .rodata.ext_to_hostcaps.7478
                0x00008270       0x1c drivers/mmc/built-in.o
 .rodata.fbase  0x0000828c       0x10 drivers/mmc/built-in.o
 .rodata.fpga010
                0x0000829c       0x1c board/xilinx/zynq/built-in.o
 .rodata.fpga015
                0x000082b8       0x1c board/xilinx/zynq/built-in.o
 .rodata.fpga020
                0x000082d4       0x1c board/xilinx/zynq/built-in.o
 .rodata.fpga030
                0x000082f0       0x1c board/xilinx/zynq/built-in.o
 .rodata.fpga045
                0x0000830c       0x1c board/xilinx/zynq/built-in.o
 .rodata.fpga100
                0x00008328       0x1c board/xilinx/zynq/built-in.o
 .rodata.mio_periphs
                0x00008344       0xc8 arch/arm/cpu/armv7/zynq/built-in.o
 .rodata.multipliers
                0x0000840c       0x40 drivers/mmc/built-in.o
 .rodata.nand16_pins
                0x0000844c       0x20 arch/arm/cpu/armv7/zynq/built-in.o
 .rodata.nand8_pins
                0x0000846c       0x34 arch/arm/cpu/armv7/zynq/built-in.o
 .rodata.offsets.9139
                0x000084a0       0x10 drivers/spi/built-in.o
 .rodata.qspi0_dio_pins
                0x000084b0       0x10 arch/arm/cpu/armv7/zynq/built-in.o
 .rodata.qspi0_pins
                0x000084c0       0x18 arch/arm/cpu/armv7/zynq/built-in.o
 .rodata.qspi1_cs_dio_pin
                0x000084d8        0x4 arch/arm/cpu/armv7/zynq/built-in.o
 .rodata.qspi1_cs_pin
                0x000084dc        0x4 arch/arm/cpu/armv7/zynq/built-in.o
 .rodata.qspi1_dio_pins
                0x000084e0        0xc arch/arm/cpu/armv7/zynq/built-in.o
 .rodata.qspi1_pins
                0x000084ec       0x14 arch/arm/cpu/armv7/zynq/built-in.o
 .rodata.sdhci_ops
                0x00008500       0x14 drivers/mmc/built-in.o
 .rodata.spi_flash_params_table
                0x00008514      0x4f8 drivers/mtd/spi/built-in.o
                0x00008514                spi_flash_params_table
 .rodata.uart_zynq_ports
                0x00008a0c        0x8 drivers/serial/built-in.o
 .rodata.uart_zynq_ports_param
                0x00008a14        0x8 drivers/serial/built-in.o
 .rodata.usb0_pins
                0x00008a1c       0x30 arch/arm/cpu/armv7/zynq/built-in.o
 .rodata.usb1_pins
                0x00008a4c       0x30 arch/arm/cpu/armv7/zynq/built-in.o
 .rodata.widths.7479
                0x00008a7c       0x14 drivers/mmc/built-in.o
 .rodata.CSWTCH.28
                0x00008a90        0x4 arch/arm/cpu/armv7/zynq/built-in.o
 .rodata.__FUNCTION__.7260
                0x00008a94        0xc drivers/fpga/built-in.o
 .rodata.__func__.7172
                0x00008aa0       0x18 common/spl/built-in.o
 .rodata.__func__.7181
                0x00008ab8       0x13 common/spl/built-in.o
 .rodata.__func__.7188
                0x00008acb       0x16 common/spl/built-in.o
 .rodata.__func__.7261
                0x00008ae1        0xc drivers/fpga/built-in.o
 .rodata.__func__.7350
                0x00008aed        0x9 drivers/fpga/built-in.o
 .rodata.__func__.7377
                0x00008af6        0xa drivers/fpga/built-in.o
 .rodata.__func__.7602
                0x00008b00        0xc drivers/mmc/built-in.o
 .rodata.__func__.7633
                0x00008b0c       0x14 drivers/mmc/built-in.o
 .rodata.__func__.7655
                0x00008b20       0x13 drivers/mmc/built-in.o
 .rodata.__func__.7675
                0x00008b33       0x10 drivers/mmc/built-in.o
 .rodata.__func__.7699
                0x00008b43        0xb drivers/mmc/built-in.o
 .rodata.__func__.7711
                0x00008b4e        0xa drivers/mmc/built-in.o
 .rodata.__func__.8313
                0x00008b58       0x12 drivers/fpga/built-in.o
 .rodata.__func__.8340
                0x00008b6a       0x13 drivers/fpga/built-in.o
 .rodata.__func__.8374
                0x00008b7d       0x16 drivers/fpga/built-in.o
 .rodata.__func__.8392
                0x00008b93       0x18 drivers/fpga/built-in.o
 .rodata.__func__.8402
                0x00008bab        0xa drivers/fpga/built-in.o
 .rodata.__func__.9123
                0x00008bb5       0x19 drivers/spi/built-in.o
 .rodata.__func__.9156
                0x00008bce       0x13 drivers/spi/built-in.o
 .rodata.__func__.9237
                0x00008be1       0x10 drivers/spi/built-in.o
 .rodata._ctype
                0x00008bf1      0x100 lib/built-in.o
                0x00008bf1                _ctype
 .rodata.digits.7109
                0x00008cf1       0x10 lib/built-in.o
 .rodata.hex_asc
                0x00008d01       0x11 lib/built-in.o
 .rodata.spi_read_cmds_array
                0x00008d12        0x5 drivers/mtd/spi/built-in.o
 .rodata.str1.1
                0x00008d17      0x21f arch/arm/cpu/armv7/zynq/built-in.o
                                0x229 (size before relaxing)
 .rodata.str1.1
                0x00008f36       0x78 board/xilinx/zynq/built-in.o
                                 0x79 (size before relaxing)
 .rodata.str1.1
                0x00008fae      0x1bb common/spl/built-in.o
 .rodata.str1.1
                0x00009169      0x449 disk/built-in.o
                                0x469 (size before relaxing)
 .rodata.str1.1
                0x000095b2      0x2ec drivers/mmc/built-in.o
                                0x2ee (size before relaxing)
 .rodata.str1.1
                0x0000989e       0x15 drivers/serial/built-in.o
 .rodata.str1.1
                0x000098b3      0x2a5 drivers/mtd/spi/built-in.o
 .rodata.str1.1
                0x00009b58       0x9d drivers/spi/built-in.o
                                 0xd3 (size before relaxing)
 .rodata.str1.1
                0x00009bf5      0x2bb fs/built-in.o
                                0x2e6 (size before relaxing)
 .rodata.str1.1
                0x00009eb0      0x703 drivers/fpga/built-in.o
                                0x717 (size before relaxing)
 .rodata.str1.1
                0x0000a5b3      0x131 lib/built-in.o
                                0x133 (size before relaxing)
                0x0000a6e4                . = ALIGN (0x4)

.data           0x0000a6e8      0x558
 *(.data*)
 .data          0x0000a6e8       0xa8 arch/arm/lib/built-in.o
                0x0000a6e8                gdata
 .data.slcr_lock
                0x0000a790        0x4 arch/arm/cpu/armv7/zynq/built-in.o
 .data          0x0000a794       0x50 common/spl/built-in.o
 .data.av_      0x0000a7e4      0x408 common/built-in.o
 .data.sbrk_base
                0x0000abec        0x4 common/built-in.o
 .data.trim_threshold
                0x0000abf0        0x4 common/built-in.o
 .data.cur_dev_num
                0x0000abf4        0x4 drivers/mmc/built-in.o
 .data.cmd_timeout.7654
                0x0000abf8        0x4 drivers/mmc/built-in.o
 .data.uart_zynq_serial1_device
                0x0000abfc       0x30 drivers/serial/built-in.o
 .data.next_desc
                0x0000ac2c        0x4 drivers/fpga/built-in.o
 .data.zynq_op  0x0000ac30       0x10 drivers/fpga/built-in.o
                0x0000ac30                zynq_op

.igot.plt       0x0000ac40        0x0
 .igot.plt      0x00000000        0x0 arch/arm/cpu/armv7/start.o

.__bss_end      0x0000ac40        0x0
 .__bss_end     0x0000ac40        0x0 arch/arm/lib/built-in.o

.__bss_start    0x0000ac40        0x0
 .__bss_start   0x0000ac40        0x0 arch/arm/lib/built-in.o
                0x0000ac40                . = ALIGN (0x4)
                0x0000ac40                . = .
                0x0000ac40                __image_copy_end = .

.rel.dyn        0x0000ac40        0x0
                0x0000ac40                __rel_dyn_start = .
 *(.rel*)
 .rel.iplt      0x00000000        0x0 arch/arm/cpu/armv7/start.o
                0x0000ac40                __rel_dyn_end = .
                0x0000ac40                _end = .

.bss            0x0000ac40      0x65c
                0x0000ac40                __bss_start = .
 *(.bss*)
 .bss.clks      0x0000ac40      0x540 arch/arm/cpu/armv7/zynq/built-in.o
 .bss.fpga      0x0000b180       0x1c board/xilinx/zynq/built-in.o
 .bss.spl_image
                0x0000b19c       0x18 common/spl/built-in.o
                0x0000b19c                spl_image
 .bss.fat_registered
                0x0000b1b4        0x4 common/spl/built-in.o
 .bss.ctrlc_was_pressed
                0x0000b1b8        0x4 common/built-in.o
 .bss.ctrlc_disabled
                0x0000b1bc        0x4 common/built-in.o
 .bss.max_total_mem
                0x0000b1c0        0x4 common/built-in.o
 .bss.mem_malloc_brk
                0x0000b1c4        0x4 common/built-in.o
                0x0000b1c4                mem_malloc_brk
 .bss.max_sbrked_mem
                0x0000b1c8        0x4 common/built-in.o
 .bss.current_mallinfo
                0x0000b1cc       0x28 common/built-in.o
 .bss.mem_malloc_end
                0x0000b1f4        0x4 common/built-in.o
                0x0000b1f4                mem_malloc_end
 .bss.top_pad   0x0000b1f8        0x4 common/built-in.o
 .bss.mem_malloc_start
                0x0000b1fc        0x4 common/built-in.o
                0x0000b1fc                mem_malloc_start
 .bss.stdio_devices
                0x0000b200        0xc common/built-in.o
                0x0000b200                stdio_devices
 .bss.mmc_devices
                0x0000b20c        0x8 drivers/mmc/built-in.o
 .bss.aligned_buffer
                0x0000b214        0x4 drivers/mmc/built-in.o
                0x0000b214                aligned_buffer
 .bss.serial_current
                0x0000b218        0x4 drivers/serial/built-in.o
 .bss.current_u_page.9180
                0x0000b21c        0x1 drivers/spi/built-in.o
 *fill*         0x0000b21d        0x3 
 .bss.cur_part_info
                0x0000b220       0x50 fs/built-in.o
 .bss.cur_dev   0x0000b270        0x4 fs/built-in.o
 .bss.desc_table
                0x0000b274       0x28 drivers/fpga/built-in.o
                0x0000b29c                . = ALIGN (0x4)
                0x0000b29c                __bss_end = .

/DISCARD/
 *(.dynsym)
 *(.dynstr*)
 *(.dynamic*)
 *(.plt*)
 *(.interp*)
 *(.gnu*)
                0x00100000                . = 0x100000

.ddr            0x00100000    0x30000
                0x00100000                __ddr_start = .
 *(.ddr*)
 .ddr           0x00100000    0x30000 fs/built-in.o
                0x00100000                get_contents_vfatname_block
                0x00110000                get_dentfromdir_block
                0x00120000                do_fat_read_at_block
                0x00130000                . = ALIGN (0x4)
                0x00130000                __ddr_end = .
                0x00000001                ASSERT (((__image_copy_end - __image_copy_start) < 0x30000), SPL image too big)
                0x00000001                ASSERT (((__bss_end - __bss_start) < 0x100000), SPL image BSS too big)
                0x00000001                ASSERT (((__bss_end - _start) < 0x30000), SPL image plus BSS too big)
Address of section .text set to 0x0
LOAD arch/arm/cpu/armv7/start.o
START GROUP
LOAD arch/arm/lib/built-in.o
LOAD arch/arm/cpu/armv7/built-in.o
LOAD arch/arm/cpu/armv7/zynq/built-in.o
LOAD board/xilinx/zynq/built-in.o
LOAD common/spl/built-in.o
LOAD common/built-in.o
LOAD disk/built-in.o
LOAD drivers/mmc/built-in.o
LOAD drivers/serial/built-in.o
LOAD drivers/mtd/spi/built-in.o
LOAD drivers/spi/built-in.o
LOAD fs/built-in.o
LOAD drivers/fpga/built-in.o
LOAD lib/built-in.o
LOAD arch/arm/cpu/built-in.o
END GROUP
LOAD arch/arm/lib/eabi_compat.o
LOAD /home/merong/Zynq-7000/Xilinx/SDK/2014.4/gnu/arm/lin/bin/../lib/gcc/arm-xilinx-linux-gnueabi/4.8.3/libgcc.a
OUTPUT(u-boot-spl elf32-littlearm)

.ARM.attributes
                0x00000000       0x2f
 .ARM.attributes
                0x00000000       0x21 arch/arm/cpu/armv7/start.o
 .ARM.attributes
                0x00000021       0x2d arch/arm/lib/built-in.o
 .ARM.attributes
                0x0000004e       0x2d arch/arm/cpu/armv7/built-in.o
 .ARM.attributes
                0x0000007b       0x2f arch/arm/cpu/armv7/zynq/built-in.o
 .ARM.attributes
                0x000000aa       0x2d board/xilinx/zynq/built-in.o
 .ARM.attributes
                0x000000d7       0x2d common/spl/built-in.o
 .ARM.attributes
                0x00000104       0x2d common/built-in.o
 .ARM.attributes
                0x00000131       0x2d disk/built-in.o
 .ARM.attributes
                0x0000015e       0x2d drivers/mmc/built-in.o
 .ARM.attributes
                0x0000018b       0x2d drivers/serial/built-in.o
 .ARM.attributes
                0x000001b8       0x2d drivers/mtd/spi/built-in.o
 .ARM.attributes
                0x000001e5       0x2d drivers/spi/built-in.o
 .ARM.attributes
                0x00000212       0x2d fs/built-in.o
 .ARM.attributes
                0x0000023f       0x2d drivers/fpga/built-in.o
 .ARM.attributes
                0x0000026c       0x2d lib/built-in.o
 .ARM.attributes
                0x00000299       0x2d arch/arm/lib/eabi_compat.o
 .ARM.attributes
                0x000002c6       0x25 /home/merong/Zynq-7000/Xilinx/SDK/2014.4/gnu/arm/lin/bin/../lib/gcc/arm-xilinx-linux-gnueabi/4.8.3/libgcc.a(_udivsi3.o)
 .ARM.attributes
                0x000002eb       0x25 /home/merong/Zynq-7000/Xilinx/SDK/2014.4/gnu/arm/lin/bin/../lib/gcc/arm-xilinx-linux-gnueabi/4.8.3/libgcc.a(_lshrdi3.o)
 .ARM.attributes
                0x00000310       0x25 /home/merong/Zynq-7000/Xilinx/SDK/2014.4/gnu/arm/lin/bin/../lib/gcc/arm-xilinx-linux-gnueabi/4.8.3/libgcc.a(_ashldi3.o)
 .ARM.attributes
                0x00000335       0x25 /home/merong/Zynq-7000/Xilinx/SDK/2014.4/gnu/arm/lin/bin/../lib/gcc/arm-xilinx-linux-gnueabi/4.8.3/libgcc.a(_dvmd_lnx.o)

.comment        0x00000000       0x46
 .comment       0x00000000       0x46 arch/arm/lib/built-in.o
                                0x1aa (size before relaxing)
 .comment       0x00000000       0xd5 arch/arm/cpu/armv7/built-in.o
 .comment       0x00000000      0x1aa arch/arm/cpu/armv7/zynq/built-in.o
 .comment       0x00000000       0x8e board/xilinx/zynq/built-in.o
 .comment       0x00000000       0xd5 common/spl/built-in.o
 .comment       0x00000000      0x2c6 common/built-in.o
 .comment       0x00000000       0x8e disk/built-in.o
 .comment       0x00000000       0xd5 drivers/mmc/built-in.o
 .comment       0x00000000       0x8e drivers/serial/built-in.o
 .comment       0x00000000      0x163 drivers/mtd/spi/built-in.o
 .comment       0x00000000       0x8e drivers/spi/built-in.o
 .comment       0x00000000       0x47 fs/built-in.o
 .comment       0x00000000       0xd5 drivers/fpga/built-in.o
 .comment       0x00000000      0x30d lib/built-in.o
 .comment       0x00000000       0x47 arch/arm/lib/eabi_compat.o

.note.GNU-stack
                0x00000000        0x0
 .note.GNU-stack
                0x00000000        0x0 arch/arm/lib/built-in.o
 .note.GNU-stack
                0x00000000        0x0 arch/arm/cpu/armv7/built-in.o
 .note.GNU-stack
                0x00000000        0x0 arch/arm/cpu/armv7/zynq/built-in.o
 .note.GNU-stack
                0x00000000        0x0 board/xilinx/zynq/built-in.o
 .note.GNU-stack
                0x00000000        0x0 common/spl/built-in.o
 .note.GNU-stack
                0x00000000        0x0 common/built-in.o
 .note.GNU-stack
                0x00000000        0x0 disk/built-in.o
 .note.GNU-stack
                0x00000000        0x0 drivers/mmc/built-in.o
 .note.GNU-stack
                0x00000000        0x0 drivers/serial/built-in.o
 .note.GNU-stack
                0x00000000        0x0 drivers/mtd/spi/built-in.o
 .note.GNU-stack
                0x00000000        0x0 drivers/spi/built-in.o
 .note.GNU-stack
                0x00000000        0x0 fs/built-in.o
 .note.GNU-stack
                0x00000000        0x0 drivers/fpga/built-in.o
 .note.GNU-stack
                0x00000000        0x0 lib/built-in.o
 .note.GNU-stack
                0x00000000        0x0 arch/arm/lib/eabi_compat.o
 .note.GNU-stack
                0x00000000        0x0 /home/merong/Zynq-7000/Xilinx/SDK/2014.4/gnu/arm/lin/bin/../lib/gcc/arm-xilinx-linux-gnueabi/4.8.3/libgcc.a(_udivsi3.o)
 .note.GNU-stack
                0x00000000        0x0 /home/merong/Zynq-7000/Xilinx/SDK/2014.4/gnu/arm/lin/bin/../lib/gcc/arm-xilinx-linux-gnueabi/4.8.3/libgcc.a(_lshrdi3.o)
 .note.GNU-stack
                0x00000000        0x0 /home/merong/Zynq-7000/Xilinx/SDK/2014.4/gnu/arm/lin/bin/../lib/gcc/arm-xilinx-linux-gnueabi/4.8.3/libgcc.a(_ashldi3.o)
 .note.GNU-stack
                0x00000000        0x0 /home/merong/Zynq-7000/Xilinx/SDK/2014.4/gnu/arm/lin/bin/../lib/gcc/arm-xilinx-linux-gnueabi/4.8.3/libgcc.a(_dvmd_lnx.o)

.debug_line     0x00000000     0x940d
 .debug_line    0x00000000       0x91 arch/arm/cpu/armv7/start.o
 .debug_line    0x00000091      0x857 arch/arm/lib/built-in.o
 .debug_line    0x000008e8      0x393 arch/arm/cpu/armv7/built-in.o
 .debug_line    0x00000c7b      0xc44 arch/arm/cpu/armv7/zynq/built-in.o
 .debug_line    0x000018bf      0x31b board/xilinx/zynq/built-in.o
 .debug_line    0x00001bda      0x4ea common/spl/built-in.o
 .debug_line    0x000020c4     0x21e0 common/built-in.o
 .debug_line    0x000042a4      0x650 disk/built-in.o
 .debug_line    0x000048f4      0xeb3 drivers/mmc/built-in.o
 .debug_line    0x000057a7      0x543 drivers/serial/built-in.o
 .debug_line    0x00005cea      0x918 drivers/mtd/spi/built-in.o
 .debug_line    0x00006602      0x513 drivers/spi/built-in.o
 .debug_line    0x00006b15      0xb18 fs/built-in.o
 .debug_line    0x0000762d      0x714 drivers/fpga/built-in.o
 .debug_line    0x00007d41     0x15e2 lib/built-in.o
 .debug_line    0x00009323       0xea arch/arm/lib/eabi_compat.o

.debug_info     0x00000000    0x31901
 .debug_info    0x00000000       0x5b arch/arm/cpu/armv7/start.o
 .debug_info    0x0000005b     0x24ce arch/arm/lib/built-in.o
 .debug_info    0x00002529      0xc88 arch/arm/cpu/armv7/built-in.o
 .debug_info    0x000031b1     0x48a0 arch/arm/cpu/armv7/zynq/built-in.o
 .debug_info    0x00007a51     0x10d8 board/xilinx/zynq/built-in.o
 .debug_info    0x00008b29     0x2755 common/spl/built-in.o
 .debug_info    0x0000b27e     0xcad2 common/built-in.o
 .debug_info    0x00017d50     0x21bb disk/built-in.o
 .debug_info    0x00019f0b     0x4f4a drivers/mmc/built-in.o
 .debug_info    0x0001ee55     0x1926 drivers/serial/built-in.o
 .debug_info    0x0002077b     0x357c drivers/mtd/spi/built-in.o
 .debug_info    0x00023cf7     0x1e3f drivers/spi/built-in.o
 .debug_info    0x00025b36     0x3abf fs/built-in.o
 .debug_info    0x000295f5     0x2cf5 drivers/fpga/built-in.o
 .debug_info    0x0002c2ea     0x52a8 lib/built-in.o
 .debug_info    0x00031592      0x36f arch/arm/lib/eabi_compat.o

.debug_abbrev   0x00000000     0xa06d
 .debug_abbrev  0x00000000       0x14 arch/arm/cpu/armv7/start.o
 .debug_abbrev  0x00000014      0xa10 arch/arm/lib/built-in.o
 .debug_abbrev  0x00000a24      0x3c2 arch/arm/cpu/armv7/built-in.o
 .debug_abbrev  0x00000de6      0xf98 arch/arm/cpu/armv7/zynq/built-in.o
 .debug_abbrev  0x00001d7e      0x405 board/xilinx/zynq/built-in.o
 .debug_abbrev  0x00002183      0x93a common/spl/built-in.o
 .debug_abbrev  0x00002abd     0x22fc common/built-in.o
 .debug_abbrev  0x00004db9      0x6ef disk/built-in.o
 .debug_abbrev  0x000054a8      0xd1d drivers/mmc/built-in.o
 .debug_abbrev  0x000061c5      0x677 drivers/serial/built-in.o
 .debug_abbrev  0x0000683c      0xc73 drivers/mtd/spi/built-in.o
 .debug_abbrev  0x000074af      0x5a7 drivers/spi/built-in.o
 .debug_abbrev  0x00007a56      0x542 fs/built-in.o
 .debug_abbrev  0x00007f98      0x98d drivers/fpga/built-in.o
 .debug_abbrev  0x00008925     0x162c lib/built-in.o
 .debug_abbrev  0x00009f51      0x11c arch/arm/lib/eabi_compat.o

.debug_aranges  0x00000000     0x1548
 .debug_aranges
                0x00000000       0x20 arch/arm/cpu/armv7/start.o
 .debug_aranges
                0x00000020      0x1c8 arch/arm/lib/built-in.o
 .debug_aranges
                0x000001e8       0xe0 arch/arm/cpu/armv7/built-in.o
 .debug_aranges
                0x000002c8      0x1e8 arch/arm/cpu/armv7/zynq/built-in.o
 .debug_aranges
                0x000004b0       0x68 board/xilinx/zynq/built-in.o
 .debug_aranges
                0x00000518       0xa0 common/spl/built-in.o
 .debug_aranges
                0x000005b8      0x508 common/built-in.o
 .debug_aranges
                0x00000ac0       0xa0 disk/built-in.o
 .debug_aranges
                0x00000b60      0x190 drivers/mmc/built-in.o
 .debug_aranges
                0x00000cf0      0x120 drivers/serial/built-in.o
 .debug_aranges
                0x00000e10      0x118 drivers/mtd/spi/built-in.o
 .debug_aranges
                0x00000f28       0x98 drivers/spi/built-in.o
 .debug_aranges
                0x00000fc0      0x118 fs/built-in.o
 .debug_aranges
                0x000010d8       0xf8 drivers/fpga/built-in.o
 .debug_aranges
                0x000011d0      0x348 lib/built-in.o
 .debug_aranges
                0x00001518       0x30 arch/arm/lib/eabi_compat.o

.debug_frame    0x00000000     0x3374
 .debug_frame   0x00000000      0x2d8 arch/arm/lib/built-in.o
 .debug_frame   0x000002d8      0x170 arch/arm/cpu/armv7/built-in.o
 .debug_frame   0x00000448      0x3d0 arch/arm/cpu/armv7/zynq/built-in.o
 .debug_frame   0x00000818       0xb8 board/xilinx/zynq/built-in.o
 .debug_frame   0x000008d0      0x138 common/spl/built-in.o
 .debug_frame   0x00000a08      0xddc common/built-in.o
 .debug_frame   0x000017e4      0x1d0 disk/built-in.o
 .debug_frame   0x000019b4      0x448 drivers/mmc/built-in.o
 .debug_frame   0x00001dfc      0x2a8 drivers/serial/built-in.o
 .debug_frame   0x000020a4      0x2c0 drivers/mtd/spi/built-in.o
 .debug_frame   0x00002364      0x158 drivers/spi/built-in.o
 .debug_frame   0x000024bc      0x3cc fs/built-in.o
 .debug_frame   0x00002888      0x258 drivers/fpga/built-in.o
 .debug_frame   0x00002ae0      0x834 lib/built-in.o
 .debug_frame   0x00003314       0x40 arch/arm/lib/eabi_compat.o
 .debug_frame   0x00003354       0x20 /home/merong/Zynq-7000/Xilinx/SDK/2014.4/gnu/arm/lin/bin/../lib/gcc/arm-xilinx-linux-gnueabi/4.8.3/libgcc.a(_udivsi3.o)

.debug_str      0x00000000     0x62bc
 .debug_str     0x00000000      0x906 arch/arm/lib/built-in.o
                               0x1cb2 (size before relaxing)
 .debug_str     0x00000906      0x19d arch/arm/cpu/armv7/built-in.o
                                0xd7c (size before relaxing)
 .debug_str     0x00000aa3      0xb89 arch/arm/cpu/armv7/zynq/built-in.o
                               0x2dc3 (size before relaxing)
 .debug_str     0x0000162c      0x3e4 board/xilinx/zynq/built-in.o
                                0xd36 (size before relaxing)
 .debug_str     0x00001a10      0x4e6 common/spl/built-in.o
                               0x196e (size before relaxing)
 .debug_str     0x00001ef6     0x2332 common/built-in.o
                               0x78f8 (size before relaxing)
 .debug_str     0x00004228      0x2e0 disk/built-in.o
                                0xe3a (size before relaxing)
 .debug_str     0x00004508      0x506 drivers/mmc/built-in.o
                               0x1a4f (size before relaxing)
 .debug_str     0x00004a0e      0x311 drivers/serial/built-in.o
                                0xe66 (size before relaxing)
 .debug_str     0x00004d1f      0x498 drivers/mtd/spi/built-in.o
                               0x1f9c (size before relaxing)
 .debug_str     0x000051b7      0x350 drivers/spi/built-in.o
                                0xf3b (size before relaxing)
 .debug_str     0x00005507      0x6cb fs/built-in.o
                                0xd14 (size before relaxing)
 .debug_str     0x00005bd2      0x224 drivers/fpga/built-in.o
                               0x160f (size before relaxing)
 .debug_str     0x00005df6      0x470 lib/built-in.o
                               0x32d9 (size before relaxing)
 .debug_str     0x00006266       0x56 arch/arm/lib/eabi_compat.o
                                0x405 (size before relaxing)

.debug_loc      0x00000000    0x15208
 .debug_loc     0x00000000      0x39b arch/arm/lib/built-in.o
 .debug_loc     0x0000039b       0xa2 arch/arm/cpu/armv7/built-in.o
 .debug_loc     0x0000043d      0xd9f arch/arm/cpu/armv7/zynq/built-in.o
 .debug_loc     0x000011dc      0x193 board/xilinx/zynq/built-in.o
 .debug_loc     0x0000136f      0x413 common/spl/built-in.o
 .debug_loc     0x00001782     0x519a common/built-in.o
 .debug_loc     0x0000691c     0x1093 disk/built-in.o
 .debug_loc     0x000079af     0x22b6 drivers/mmc/built-in.o
 .debug_loc     0x00009c65      0x331 drivers/serial/built-in.o
 .debug_loc     0x00009f96     0x12fe drivers/mtd/spi/built-in.o
 .debug_loc     0x0000b294      0xc25 drivers/spi/built-in.o
 .debug_loc     0x0000beb9     0x3e7c fs/built-in.o
 .debug_loc     0x0000fd35     0x10c3 drivers/fpga/built-in.o
 .debug_loc     0x00010df8     0x43ef lib/built-in.o
 .debug_loc     0x000151e7       0x21 arch/arm/lib/eabi_compat.o

.debug_ranges   0x00000000     0x2600
 .debug_ranges  0x00000000      0x120 arch/arm/lib/built-in.o
 .debug_ranges  0x00000120       0xb0 arch/arm/cpu/armv7/built-in.o
 .debug_ranges  0x000001d0      0x740 arch/arm/cpu/armv7/zynq/built-in.o
 .debug_ranges  0x00000910       0x88 board/xilinx/zynq/built-in.o
 .debug_ranges  0x00000998       0xa8 common/spl/built-in.o
 .debug_ranges  0x00000a40      0x6b0 common/built-in.o
 .debug_ranges  0x000010f0      0x148 disk/built-in.o
 .debug_ranges  0x00001238      0x3f8 drivers/mmc/built-in.o
 .debug_ranges  0x00001630      0x130 drivers/serial/built-in.o
 .debug_ranges  0x00001760      0x1b0 drivers/mtd/spi/built-in.o
 .debug_ranges  0x00001910      0x208 drivers/spi/built-in.o
 .debug_ranges  0x00001b18      0x3e8 fs/built-in.o
 .debug_ranges  0x00001f00      0x1d8 drivers/fpga/built-in.o
 .debug_ranges  0x000020d8      0x508 lib/built-in.o
 .debug_ranges  0x000025e0       0x20 arch/arm/lib/eabi_compat.o
